<html>
<body>
<pre>
<h1>µVision Build Log</h1>
<h2>Tool Versions:</h2>
IDE-Version: ¦ÌVision V5.24.2.0
Copyright (C) 2017 ARM Ltd and ARM Germany GmbH. All rights reserved.
License Information: sun changhe, cqut, LIC=WHYBS-LV63Q-VD0KA-1HTVK-5BIKF-GIEIM
 
Tool Versions:
Toolchain:       MDK-ARM Plus  Version: 5.24.1
Toolchain Path:  d:\Keil_v5\ARM\ARMCC\Bin
C Compiler:      Armcc.exe V5.06 update 5 (build 528)
Assembler:       Armasm.exe V5.06 update 5 (build 528)
Linker/Locator:  ArmLink.exe V5.06 update 5 (build 528)
Library Manager: ArmAr.exe V5.06 update 5 (build 528)
Hex Converter:   FromElf.exe V5.06 update 5 (build 528)
CPU DLL:         SARMCM3.DLL V5.24.1
Dialog DLL:      DCM.DLL V1.16.0.0
Target DLL:      Segger\JL2CM3.dll V2.99.26.0
Dialog DLL:      TCM.DLL V1.32.0.0
 
<h2>Project:</h2>
C:\Users\sunchanghe\Desktop\FDC2214+STM32F407\USER\LCD.uvprojx
Project File Date:  07/23/2018

<h2>Output:</h2>
*** Using Compiler 'V5.06 update 5 (build 528)', folder: 'd:\Keil_v5\ARM\ARMCC\Bin'
Build target 'LCD'
compiling exti.c...
linking...
Program Size: Code=57984 RO-data=7048 RW-data=128 ZI-data=3128  
FromELF: creating hex file...
"..\OBJ\LCD.axf" - 0 Error(s), 0 Warning(s).

<h2>Software Packages used:</h2>

Package Vendor: Keil
                http://www.keil.com/pack/Keil.STM32F4xx_DFP.1.0.8.pack
                Keil.STM32F4xx_DFP.1.0.8
                STMicroelectronics STM32F4 Series Device Support, Drivers and Examples

<h2>Collection of Component include folders:</h2>
  .\RTE\_LCD
  d:\Keil_v5\ARM\PACK\Keil\STM32F4xx_DFP\1.0.8\Device\Include

<h2>Collection of Component Files used:</h2>
Build Time Elapsed:  00:00:01
</pre>
</body>
</html>
