Component: ARM Compiler 5.06 update 5 (build 528) Tool: armlink [4d35e2]

==============================================================================

Section Cross References

    main.o(.text) refers to misc.o(.text) for NVIC_PriorityGroupConfig
    main.o(.text) refers to delay.o(.text) for delay_init
    main.o(.text) refers to exti.o(.text) for EXTIX_Init
    main.o(.text) refers to silencht_usart.o(.text) for usart1_init
    main.o(.text) refers to beep.o(.text) for BEEP_Init
    main.o(.text) refers to lcd.o(.text) for LCD_Init
    main.o(.text) refers to fdc2214.o(.text) for FDC2214_Init
    main.o(.text) refers to fdc22142.o(.text) for FDC2214_2Init
    main.o(.text) refers to main.o(.data) for test1_hand
    main.o(.text) refers to exti.o(.data) for start_end
    main.o(.text) refers to main.o(.bss) for gesture
    stm32f4xx_it.o(.text) refers to stm32f4xx_usart.o(.text) for USART_GetITStatus
    stm32f4xx_it.o(.text) refers to rt_memcpy_v6.o(.text) for __aeabi_memcpy
    stm32f4xx_it.o(.text) refers to rt_memclr.o(.text) for __aeabi_memclr
    stm32f4xx_it.o(.text) refers to silencht_usart.o(.data) for USART1_RX_STA
    stm32f4xx_it.o(.text) refers to silencht_usart.o(.bss) for USART1_RX_BUF
    system_stm32f4xx.o(.text) refers to system_stm32f4xx.o(.data) for SystemCoreClock
    fdc2214.o(.text) refers to delay.o(.text) for delay_us
    fdc2214.o(.text) refers to stm32f4xx_rcc.o(.text) for RCC_AHB1PeriphClockCmd
    fdc2214.o(.text) refers to stm32f4xx_gpio.o(.text) for GPIO_Init
    fdc2214.o(.text) refers to silencht_usart.o(.text) for u1_printf
    fdc2214.o(.text) refers to lcd.o(.text) for LCD_ShowString
    fdc2214.o(.text) refers to dflt_clz.o(x$fpl$dfltu) for __aeabi_ui2d
    fdc2214.o(.text) refers to ddiv.o(x$fpl$ddiv) for __aeabi_ddiv
    fdc2214.o(.text) refers to d2f.o(x$fpl$d2f) for __aeabi_d2f
    fdc2214.o(.text) refers to fdc2214.o(.data) for Data_FDC
    datascope_dp.o(.text) refers to datascope_dp.o(.bss) for DataScope_OutPut_Buffer
    fdc22142.o(.text) refers to delay.o(.text) for delay_us
    fdc22142.o(.text) refers to stm32f4xx_rcc.o(.text) for RCC_AHB1PeriphClockCmd
    fdc22142.o(.text) refers to stm32f4xx_gpio.o(.text) for GPIO_Init
    fdc22142.o(.text) refers to silencht_usart.o(.text) for u1_printf
    fdc22142.o(.text) refers to lcd.o(.text) for LCD_ShowString
    fdc22142.o(.text) refers to dflt_clz.o(x$fpl$dfltu) for __aeabi_ui2d
    fdc22142.o(.text) refers to ddiv.o(x$fpl$ddiv) for __aeabi_ddiv
    fdc22142.o(.text) refers to d2f.o(x$fpl$d2f) for __aeabi_d2f
    fdc22142.o(.text) refers to fdc22142.o(.data) for Data_FDC2
    lcd.o(.text) refers to _printf_percent.o(.ARM.Collect$$_printf_percent$$00000000) for _printf_percent
    lcd.o(.text) refers to _printf_x.o(.ARM.Collect$$_printf_percent$$0000000C) for _printf_x
    lcd.o(.text) refers to _printf_hex_int_ll_ptr.o(.text) for _printf_longlong_hex
    lcd.o(.text) refers to delay.o(.text) for delay_us
    lcd.o(.text) refers to lcd.o(.bss) for lcddev
    lcd.o(.text) refers to lcd.o(.data) for POINT_COLOR
    lcd.o(.text) refers to dflt_clz.o(x$fpl$dfltu) for __aeabi_ui2d
    lcd.o(.text) refers to dmul.o(x$fpl$dmul) for __aeabi_dmul
    lcd.o(.text) refers to dfixu.o(x$fpl$dfixu) for __aeabi_d2uiz
    lcd.o(.text) refers to stm32f4xx_rcc.o(.text) for RCC_AHB1PeriphClockCmd
    lcd.o(.text) refers to stm32f4xx_gpio.o(.text) for GPIO_Init
    lcd.o(.text) refers to stm32f4xx_fsmc.o(.text) for FSMC_NORSRAMInit
    lcd.o(.text) refers to __2printf.o(.text) for __2printf
    lcd.o(.text) refers to lcd.o(.constdata) for asc2_1206
    exti.o(.text) refers to fdc2214.o(.text) for Cap_Calculate
    exti.o(.text) refers to delay.o(.text) for delay_us
    exti.o(.text) refers to fdc22142.o(.text) for Cap_2Calculate
    exti.o(.text) refers to lcd.o(.text) for LCD_ShowString
    exti.o(.text) refers to stm32f4xx_gpio.o(.text) for GPIO_ReadInputDataBit
    exti.o(.text) refers to stm32f4xx_exti.o(.text) for EXTI_ClearITPendingBit
    exti.o(.text) refers to exti.o(.bss) for crrent_Cap_buffer
    exti.o(.text) refers to exti.o(.data) for roshambo_wait
    exti.o(.text) refers to stm32f4xx_rcc.o(.text) for RCC_AHB1PeriphClockCmd
    exti.o(.text) refers to stm32f4xx_syscfg.o(.text) for SYSCFG_EXTILineConfig
    exti.o(.text) refers to misc.o(.text) for NVIC_Init
    silencht_usart.o(.rev16_text) refers (Special) to use_no_semi_2.o(.text) for __use_no_semihosting
    silencht_usart.o(.revsh_text) refers (Special) to use_no_semi_2.o(.text) for __use_no_semihosting
    silencht_usart.o(.text) refers (Special) to use_no_semi_2.o(.text) for __use_no_semihosting
    silencht_usart.o(.text) refers to stm32f4xx_rcc.o(.text) for RCC_AHB1PeriphClockCmd
    silencht_usart.o(.text) refers to stm32f4xx_gpio.o(.text) for GPIO_PinAFConfig
    silencht_usart.o(.text) refers to stm32f4xx_usart.o(.text) for USART_Init
    silencht_usart.o(.text) refers to misc.o(.text) for NVIC_Init
[...]
    APBAHBPrescTable                         0x2000006e   Data          16  stm32f4xx_rcc.o(.data)
    .bss                                     0x20000080   Section       64  main.o(.bss)
    .bss                                     0x200000c0   Section       14  lcd.o(.bss)
    .bss                                     0x200000d0   Section      416  exti.o(.bss)
    .bss                                     0x20000270   Section     1000  silencht_usart.o(.bss)
    .bss                                     0x20000658   Section       96  libspace.o(.bss)
    HEAP                                     0x200006b8   Section      512  startup_stm32f40_41xxx.o(HEAP)
    Heap_Mem                                 0x200006b8   Data         512  startup_stm32f40_41xxx.o(HEAP)
    STACK                                    0x200008b8   Section     1024  startup_stm32f40_41xxx.o(STACK)
    Stack_Mem                                0x200008b8   Data        1024  startup_stm32f40_41xxx.o(STACK)
    __initial_sp                             0x20000cb8   Data           0  startup_stm32f40_41xxx.o(STACK)

    Global Symbols

    Symbol Name                              Value     Ov Type        Size  Object(Section)

    BuildAttributes$$THM_ISAv4$E$P$D$K$B$S$7EM$VFPi3$EXTD16$VFPS$VFMA$PE$A:L22UL41UL21$X:L11$S22US41US21$IEEE1$IW$USESV6$~STKCKD$USESV7$~SHL$OTIME$ROPI$IEEEJ$EBA8$UX$STANDARDLIB$REQ8$PRES8$EABIv2 0x00000000   Number         0  anon$$obj.o ABSOLUTE
    __ARM_use_no_argv                        0x00000000   Number         0  main.o ABSOLUTE
    _printf_flags                            0x00000000   Number         0  printf_stubs.o ABSOLUTE
    _printf_return_value                     0x00000000   Number         0  printf_stubs.o ABSOLUTE
    _printf_sizespec                         0x00000000   Number         0  printf_stubs.o ABSOLUTE
    _printf_widthprec                        0x00000000   Number         0  printf_stubs.o ABSOLUTE
    __ARM_exceptions_init                     - Undefined Weak Reference
    __alloca_initialize                       - Undefined Weak Reference
    __arm_preinit_                            - Undefined Weak Reference
    __cpp_initialize__aeabi_                  - Undefined Weak Reference
    __cxa_finalize                            - Undefined Weak Reference
    __sigvec_lookup                           - Undefined Weak Reference
    _atexit_init                              - Undefined Weak Reference
    _call_atexit_fns                          - Undefined Weak Reference
    _clock_init                               - Undefined Weak Reference
    _fp_trap_init                             - Undefined Weak Reference
    _fp_trap_shutdown                         - Undefined Weak Reference
    _get_lc_collate                           - Undefined Weak Reference
    _get_lc_monetary                          - Undefined Weak Reference
    _get_lc_time                              - Undefined Weak Reference
    _getenv_init                              - Undefined Weak Reference
    _handle_redirection                       - Undefined Weak Reference
    _init_alloc                               - Undefined Weak Reference
    _init_user_alloc                          - Undefined Weak Reference
    _initio                                   - Undefined Weak Reference
    _mutex_acquire                            - Undefined Weak Reference
    _mutex_release                            - Undefined Weak Reference
    _printf_fp_hex                            - Undefined Weak Reference
    _printf_mbtowc                            - Undefined Weak Reference
    _printf_wc                                - Undefined Weak Reference
    _rand_init                                - Undefined Weak Reference
    _signal_finish                            - Undefined Weak Reference
    _signal_init                              - Undefined Weak Reference
    _terminate_alloc                          - Undefined Weak Reference
    _terminate_user_alloc                     - Undefined Weak Reference
    _terminateio                              - Undefined Weak Reference
    __Vectors_Size                           0x00000188   Number         0  startup_stm32f40_41xxx.o ABSOLUTE
    __Vectors                                0x08000000   Data           4  startup_stm32f40_41xxx.o(RESET)
    __Vectors_End                            0x08000188   Data           0  startup_stm32f40_41xxx.o(RESET)
    __main                                   0x08000189   Thumb Code     8  __main.o(!!!main)
    __scatterload                            0x08000191   Thumb Code     0  __scatter.o(!!!scatter)
    __scatterload_rt2                        0x08000191   Thumb Code    44  __scatter.o(!!!scatter)
    __scatterload_rt2_thumb_only             0x08000191   Thumb Code     0  __scatter.o(!!!scatter)
    __scatterload_null                       0x0800019f   Thumb Code     0  __scatter.o(!!!scatter)
    __scatterload_copy                       0x080001c5   Thumb Code    26  __scatter_copy.o(!!handler_copy)
    __scatterload_zeroinit                   0x080001e1   Thumb Code    28  __scatter_zi.o(!!handler_zi)
    _printf_n                                0x080001fd   Thumb Code     0  _printf_n.o(.ARM.Collect$$_printf_percent$$00000001)
    _printf_percent                          0x080001fd   Thumb Code     0  _printf_percent.o(.ARM.Collect$$_printf_percent$$00000000)
    _printf_p                                0x08000203   Thumb Code     0  _printf_p.o(.ARM.Collect$$_printf_percent$$00000002)
    _printf_f                                0x08000209   Thumb Code     0  _printf_f.o(.ARM.Collect$$_printf_percent$$00000003)
    _printf_e                                0x0800020f   Thumb Code     0  _printf_e.o(.ARM.Collect$$_printf_percent$$00000004)
    _printf_g                                0x08000215   Thumb Code     0  _printf_g.o(.ARM.Collect$$_printf_percent$$00000005)
    _printf_a                                0x0800021b   Thumb Code     0  _printf_a.o(.ARM.Collect$$_printf_percent$$00000006)
    _printf_ll                               0x08000221   Thumb Code     0  _printf_ll.o(.ARM.Collect$$_printf_percent$$00000007)
    _printf_i                                0x0800022b   Thumb Code     0  _printf_i.o(.ARM.Collect$$_printf_percent$$00000008)
    _printf_d                                0x08000231   Thumb Code     0  _printf_d.o(.ARM.Collect$$_printf_percent$$00000009)
    _printf_u                                0x08000237   Thumb Code     0  _printf_u.o(.ARM.Collect$$_printf_percent$$0000000A)
    _printf_o                                0x0800023d   Thumb Code     0  _printf_o.o(.ARM.Collect$$_printf_percent$$0000000B)
    _printf_x                                0x08000243   Thumb Code     0  _printf_x.o(.ARM.Collect$$_printf_percent$$0000000C)
    _printf_lli                              0x08000249   Thumb Code     0  _printf_lli.o(.ARM.Collect$$_printf_percent$$0000000D)
    _printf_lld                              0x0800024f   Thumb Code     0  _printf_lld.o(.ARM.Collect$$_printf_percent$$0000000E)
    _printf_llu                              0x08000255   Thumb Code     0  _printf_llu.o(.ARM.Collect$$_printf_percent$$0000000F)
    _printf_llo                              0x0800025b   Thumb Code     0  _printf_llo.o(.ARM.Collect$$_printf_percent$$00000010)
    _printf_llx                              0x08000261   Thumb Code     0  _printf_llx.o(.ARM.Collect$$_printf_percent$$00000011)
    _printf_l                                0x08000267   Thumb Code     0  _printf_l.o(.ARM.Collect$$_printf_percent$$00000012)
    _printf_c                                0x08000271   Thumb Code     0  _printf_c.o(.ARM.Collect$$_printf_percent$$00000013)
    _printf_s                                0x08000277   Thumb Code     0  _printf_s.o(.ARM.Collect$$_printf_percent$$00000014)
    _printf_lc                               0x0800027d   Thumb Code     0  _printf_lc.o(.ARM.Collect$$_printf_percent$$00000015)
    _printf_ls                               0x08000283   Thumb Code     0  _printf_ls.o(.ARM.Collect$$_printf_percent$$00000016)
    _printf_percent_end                      0x08000289   Thumb Code     0  _printf_percent_end.o(.ARM.Collect$$_printf_percent$$00000017)
    __rt_lib_init                            0x0800028d   Thumb Code     0  libinit.o(.ARM.Collect$$libinit$$00000000)
    __rt_lib_init_fp_1                       0x0800028f   Thumb Code     0  libinit2.o(.ARM.Collect$$libinit$$00000001)
    __rt_lib_init_heap_1                     0x08000293   Thumb Code     0  libinit2.o(.ARM.Collect$$libinit$$0000000A)
    __rt_lib_init_lc_common                  0x08000293   Thumb Code     0  libinit2.o(.ARM.Collect$$libinit$$0000000F)
    __rt_lib_init_preinit_1                  0x08000293   Thumb Code     0  libinit2.o(.ARM.Collect$$libinit$$00000004)
    __rt_lib_init_rand_1                     0x08000293   Thumb Code     0  libinit2.o(.ARM.Collect$$libinit$$0000000E)
    __rt_lib_init_user_alloc_1               0x08000293   Thumb Code     0  libinit2.o(.ARM.Collect$$libinit$$0000000C)
    __rt_lib_init_lc_collate_1               0x08000299   Thumb Code     0  libinit2.o(.ARM.Collect$$libinit$$00000011)
    __rt_lib_init_lc_ctype_2                 0x08000299   Thumb Code     0  libinit2.o(.ARM.Collect$$libinit$$00000012)
    __rt_lib_init_lc_ctype_1                 0x080002a5   Thumb Code     0  libinit2.o(.ARM.Collect$$libinit$$00000013)
    __rt_lib_init_lc_monetary_1              0x080002a5   Thumb Code     0  libinit2.o(.ARM.Collect$$libinit$$00000015)
    __rt_lib_init_lc_numeric_2               0x080002a5   Thumb Code     0  libinit2.o(.ARM.Collect$$libinit$$00000016)
    __rt_lib_init_alloca_1                   0x080002af   Thumb Code     0  libinit2.o(.ARM.Collect$$libinit$$0000002E)
    __rt_lib_init_argv_1                     0x080002af   Thumb Code     0  libinit2.o(.ARM.Collect$$libinit$$0000002C)
    __rt_lib_init_atexit_1                   0x080002af   Thumb Code     0  libinit2.o(.ARM.Collect$$libinit$$0000001B)
    __rt_lib_init_clock_1                    0x080002af   Thumb Code     0  libinit2.o(.ARM.Collect$$libinit$$00000021)
    __rt_lib_init_cpp_1                      0x080002af   Thumb Code     0  libinit2.o(.ARM.Collect$$libinit$$00000032)
    __rt_lib_init_exceptions_1               0x080002af   Thumb Code     0  libinit2.o(.ARM.Collect$$libinit$$00000030)
    __rt_lib_init_fp_trap_1                  0x080002af   Thumb Code     0  libinit2.o(.ARM.Collect$$libinit$$0000001F)
    __rt_lib_init_getenv_1                   0x080002af   Thumb Code     0  libinit2.o(.ARM.Collect$$libinit$$00000023)
    __rt_lib_init_lc_numeric_1               0x080002af   Thumb Code     0  libinit2.o(.ARM.Collect$$libinit$$00000017)
    __rt_lib_init_lc_time_1                  0x080002af   Thumb Code     0  libinit2.o(.ARM.Collect$$libinit$$00000019)
    __rt_lib_init_return                     0x080002af   Thumb Code     0  libinit2.o(.ARM.Collect$$libinit$$00000033)
    __rt_lib_init_signal_1                   0x080002af   Thumb Code     0  libinit2.o(.ARM.Collect$$libinit$$0000001D)
    __rt_lib_init_stdio_1                    0x080002af   Thumb Code     0  libinit2.o(.ARM.Collect$$libinit$$00000025)
    __rt_lib_shutdown                        0x080002b1   Thumb Code     0  libshutdown.o(.ARM.Collect$$libshutdown$$00000000)
    __rt_lib_shutdown_cpp_1                  0x080002b3   Thumb Code     0  libshutdown2.o(.ARM.Collect$$libshutdown$$00000002)
    __rt_lib_shutdown_fp_trap_1              0x080002b3   Thumb Code     0  libshutdown2.o(.ARM.Collect$$libshutdown$$00000007)
    __rt_lib_shutdown_heap_1                 0x080002b3   Thumb Code     0  libshutdown2.o(.ARM.Collect$$libshutdown$$0000000F)
    __rt_lib_shutdown_return                 0x080002b3   Thumb Code     0  libshutdown2.o(.ARM.Collect$$libshutdown$$00000010)
    __rt_lib_shutdown_signal_1               0x080002b3   Thumb Code     0  libshutdown2.o(.ARM.Collect$$libshutdown$$0000000A)
    __rt_lib_shutdown_stdio_1                0x080002b3   Thumb Code     0  libshutdown2.o(.ARM.Collect$$libshutdown$$00000004)
    __rt_lib_shutdown_user_alloc_1           0x080002b3   Thumb Code     0  libshutdown2.o(.ARM.Collect$$libshutdown$$0000000C)
    __rt_entry                               0x080002b5   Thumb Code     0  __rtentry.o(.ARM.Collect$$rtentry$$00000000)
    __rt_entry_presh_1                       0x080002b5   Thumb Code     0  __rtentry2.o(.ARM.Collect$$rtentry$$00000002)
    __rt_entry_sh                            0x080002b5   Thumb Code     0  __rtentry4.o(.ARM.Collect$$rtentry$$00000004)
    __rt_entry_li                            0x080002bb   Thumb Code     0  __rtentry2.o(.ARM.Collect$$rtentry$$0000000A)
    __rt_entry_postsh_1                      0x080002bb   Thumb Code     0  __rtentry2.o(.ARM.Collect$$rtentry$$00000009)
    __rt_entry_main                          0x080002bf   Thumb Code     0  __rtentry2.o(.ARM.Collect$$rtentry$$0000000D)
    __rt_entry_postli_1                      0x080002bf   Thumb Code     0  __rtentry2.o(.ARM.Collect$$rtentry$$0000000C)
    __rt_exit                                0x080002c7   Thumb Code     0  rtexit.o(.ARM.Collect$$rtexit$$00000000)
    __rt_exit_ls                             0x080002c9   Thumb Code     0  rtexit2.o(.ARM.Collect$$rtexit$$00000003)
    __rt_exit_prels_1                        0x080002c9   Thumb Code     0  rtexit2.o(.ARM.Collect$$rtexit$$00000002)
    __rt_exit_exit                           0x080002cd   Thumb Code     0  rtexit2.o(.ARM.Collect$$rtexit$$00000004)
    main                                     0x080002d5   Thumb Code  7436  main.o(.text)
    USART1_IRQHandler                        0x08001ff9   Thumb Code   122  stm32f4xx_it.o(.text)
    USART2_IRQHandler                        0x08002073   Thumb Code   306  stm32f4xx_it.o(.text)
    UART4_IRQHandler                         0x080021a5   Thumb Code   122  stm32f4xx_it.o(.text)
    NMI_Handler                              0x0800221f   Thumb Code     2  stm32f4xx_it.o(.text)
    HardFault_Handler                        0x08002221   Thumb Code     4  stm32f4xx_it.o(.text)
    MemManage_Handler                        0x08002225   Thumb Code     4  stm32f4xx_it.o(.text)
    BusFault_Handler                         0x08002229   Thumb Code     4  stm32f4xx_it.o(.text)
    UsageFault_Handler                       0x0800222d   Thumb Code     4  stm32f4xx_it.o(.text)
    SVC_Handler                              0x08002231   Thumb Code     2  stm32f4xx_it.o(.text)
    DebugMon_Handler                         0x08002233   Thumb Code     2  stm32f4xx_it.o(.text)
    PendSV_Handler                           0x08002235   Thumb Code     2  stm32f4xx_it.o(.text)
    SysTick_Handler                          0x08002237   Thumb Code     2  stm32f4xx_it.o(.text)
    SystemInit                               0x08002349   Thumb Code    88  system_stm32f4xx.o(.text)
    SystemCoreClockUpdate                    0x080023a1   Thumb Code   174  system_stm32f4xx.o(.text)
    FDC_IIC_Delay                            0x0800247d   Thumb Code    10  fdc2214.o(.text)
    FDC_GPIO_Init                            0x08002487   Thumb Code     2  fdc2214.o(.text)
    FDC_IIC_Init                             0x08002489   Thumb Code    56  fdc2214.o(.text)
    FDC_IIC_Start                            0x080024c1   Thumb Code    66  fdc2214.o(.text)
    FDC_IIC_Stop                             0x08002503   Thumb Code    68  fdc2214.o(.text)
    FDC_IIC_Wait_Ack                         0x08002547   Thumb Code    88  fdc2214.o(.text)
    FDC_IIC_Ack                              0x0800259f   Thumb Code    72  fdc2214.o(.text)
    FDC_IIC_NAck                             0x080025e7   Thumb Code    72  fdc2214.o(.text)
    FDC_IIC_Send_Byte                        0x0800262f   Thumb Code    88  fdc2214.o(.text)
    FDC_IIC_Read_Byte                        0x08002687   Thumb Code    98  fdc2214.o(.text)
    Set_FDC2214                              0x080026e9   Thumb Code    90  fdc2214.o(.text)
    FDC_Read                                 0x08002743   Thumb Code    66  fdc2214.o(.text)
    FCD2214_ReadCH                           0x08002785   Thumb Code   120  fdc2214.o(.text)
    FDC2214_Init                             0x080027fd   Thumb Code   302  fdc2214.o(.text)
    Cap_Calculate                            0x0800292b   Thumb Code    68  fdc2214.o(.text)
    FDC2_IIC_Delay                           0x0800297d   Thumb Code    10  fdc22142.o(.text)
    FDC2_GPIO_Init                           0x08002987   Thumb Code     2  fdc22142.o(.text)
    FDC2_IIC_Init                            0x08002989   Thumb Code    60  fdc22142.o(.text)
    FDC2_IIC_Start                           0x080029c5   Thumb Code    66  fdc22142.o(.text)
    FDC2_IIC_Stop                            0x08002a07   Thumb Code    68  fdc22142.o(.text)
    FDC2_IIC_Wait_Ack                        0x08002a4b   Thumb Code    88  fdc22142.o(.text)
    FDC2_IIC_Ack                             0x08002aa3   Thumb Code    72  fdc22142.o(.text)
    FDC2_IIC_NAck                            0x08002aeb   Thumb Code    72  fdc22142.o(.text)
    FDC2_IIC_Send_Byte                       0x08002b33   Thumb Code    88  fdc22142.o(.text)
    FDC2_IIC_Read_Byte                       0x08002b8b   Thumb Code    98  fdc22142.o(.text)
    Set2_FDC2214                             0x08002bed   Thumb Code    90  fdc22142.o(.text)
    FDC2_Read                                0x08002c47   Thumb Code    66  fdc22142.o(.text)
    FCD2214_2ReadCH                          0x08002c89   Thumb Code   120  fdc22142.o(.text)
    FDC2214_2Init                            0x08002d01   Thumb Code   304  fdc22142.o(.text)
    Cap_2Calculate                           0x08002e31   Thumb Code    68  fdc22142.o(.text)
    LCD_WR_REG                               0x08002e81   Thumb Code    18  lcd.o(.text)
    LCD_WR_DATA                              0x08002e93   Thumb Code    20  lcd.o(.text)
    LCD_RD_DATA                              0x08002ea7   Thumb Code    16  lcd.o(.text)
    LCD_WriteReg                             0x08002eb7   Thumb Code    14  lcd.o(.text)
    LCD_ReadReg                              0x08002ec5   Thumb Code    22  lcd.o(.text)
    LCD_WriteRAM_Prepare                     0x08002edb   Thumb Code    10  lcd.o(.text)
    LCD_WriteRAM                             0x08002ee5   Thumb Code     8  lcd.o(.text)
    LCD_BGR2RGB                              0x08002eed   Thumb Code    26  lcd.o(.text)
    opt_delay                                0x08002f07   Thumb Code    14  lcd.o(.text)
    LCD_SetCursor                            0x08002f15   Thumb Code   418  lcd.o(.text)
    LCD_ReadPoint                            0x080030b7   Thumb Code   360  lcd.o(.text)
    LCD_DisplayOn                            0x0800321f   Thumb Code   102  lcd.o(.text)
    LCD_DisplayOff                           0x08003285   Thumb Code    90  lcd.o(.text)
    LCD_Scan_Dir                             0x080032df   Thumb Code   744  lcd.o(.text)
    LCD_DrawPoint                            0x080035c7   Thumb Code    28  lcd.o(.text)
    LCD_Fast_DrawPoint                       0x080035e3   Thumb Code   388  lcd.o(.text)
    LCD_SSD_BackLightSet                     0x08003767   Thumb Code    88  lcd.o(.text)
    LCD_Display_Dir                          0x080037bf   Thumb Code   444  lcd.o(.text)
    LCD_Set_Window                           0x0800397b   Thumb Code   546  lcd.o(.text)
    LCD_Clear                                0x08003b9d   Thumb Code   100  lcd.o(.text)
    LCD_Init                                 0x08003c01   Thumb Code 14696  lcd.o(.text)
    LCD_Fill                                 0x08007569   Thumb Code   180  lcd.o(.text)
    LCD_Color_Fill                           0x0800761d   Thumb Code   100  lcd.o(.text)
    LCD_DrawLine                             0x08007681   Thumb Code   176  lcd.o(.text)
    LCD_DrawRectangle                        0x08007731   Thumb Code    60  lcd.o(.text)
    LCD_Draw_Circle                          0x0800776d   Thumb Code   152  lcd.o(.text)
    LCD_ShowChar                             0x08007805   Thumb Code   272  lcd.o(.text)
    LCD_Pow                                  0x08007915   Thumb Code    22  lcd.o(.text)
    LCD_ShowNum                              0x0800792b   Thumb Code   148  lcd.o(.text)
    LCD_ShowxNum                             0x080079bf   Thumb Code   220  lcd.o(.text)
    LCD_ShowString                           0x08007a9b   Thumb Code   102  lcd.o(.text)
    screen_init_background                   0x08007b01   Thumb Code   264  lcd.o(.text)
    Get_CapCurrent_Value                     0x08007c45   Thumb Code   210  exti.o(.text)
    Get_CapInit_Value                        0x08007d17   Thumb Code   290  exti.o(.text)
    EXTI0_IRQHandler                         0x08007e39   Thumb Code    42  exti.o(.text)
    EXTI1_IRQHandler                         0x08007e63   Thumb Code   958  exti.o(.text)
    MinGet_CapInit_Value                     0x08008221   Thumb Code   314  exti.o(.text)
    EXTI2_IRQHandler                         0x0800835b   Thumb Code    98  exti.o(.text)
    EXTI3_IRQHandler                         0x080083bd   Thumb Code  9138  exti.o(.text)
    KEY_Init                                 0x0800a76f   Thumb Code    42  exti.o(.text)
    EXTIX_Init                               0x0800a799   Thumb Code   278  exti.o(.text)
    Get_gesture_Value                        0x0800a8af   Thumb Code   354  exti.o(.text)
    _sys_exit                                0x0800aa41   Thumb Code     6  silencht_usart.o(.text)
    fputc                                    0x0800aa47   Thumb Code    22  silencht_usart.o(.text)
    usart1_init                              0x0800aa5d   Thumb Code   164  silencht_usart.o(.text)
    usart2_init                              0x0800ab01   Thumb Code   162  silencht_usart.o(.text)
    uart4_init                               0x0800aba3   Thumb Code   172  silencht_usart.o(.text)
    u1_printf                                0x0800ac4f   Thumb Code    84  silencht_usart.o(.text)
    u2_printf                                0x0800aca3   Thumb Code    84  silencht_usart.o(.text)
    u4_printf                                0x0800acf7   Thumb Code    84  silencht_usart.o(.text)
    BEEP_Init                                0x0800ad61   Thumb Code    62  beep.o(.text)
    BEEP1_long_EN                            0x0800ad9f   Thumb Code    18  beep.o(.text)
    BEEP1_DISEN                              0x0800adb1   Thumb Code    12  beep.o(.text)
    BEEP2_long_EN                            0x0800adbd   Thumb Code    18  beep.o(.text)
    BEEP2_DISEN                              0x0800adcf   Thumb Code    12  beep.o(.text)
    Music_Init                               0x0800addb   Thumb Code    54  beep.o(.text)
    music_do                                 0x0800ae11   Thumb Code    48  beep.o(.text)
    music_re                                 0x0800ae41   Thumb Code    48  beep.o(.text)
    music_me                                 0x0800ae71   Thumb Code    48  beep.o(.text)
    music_fa                                 0x0800aea1   Thumb Code    48  beep.o(.text)
    music_so                                 0x0800aed1   Thumb Code    48  beep.o(.text)
    music_la                                 0x0800af01   Thumb Code    48  beep.o(.text)
    music_xi                                 0x0800af31   Thumb Code    48  beep.o(.text)
    music_doo                                0x0800af61   Thumb Code    48  beep.o(.text)
    delay_init                               0x0800af99   Thumb Code    52  delay.o(.text)
    delay_us                                 0x0800afcd   Thumb Code    72  delay.o(.text)
    delay_xms                                0x0800b015   Thumb Code    72  delay.o(.text)
    delay_ms                                 0x0800b05d   Thumb Code    56  delay.o(.text)
    Reset_Handler                            0x0800b09d   Thumb Code     8  startup_stm32f40_41xxx.o(.text)
    ADC_IRQHandler                           0x0800b0b7   Thumb Code     0  startup_stm32f40_41xxx.o(.text)
    CAN1_RX0_IRQHandler                      0x0800b0b7   Thumb Code     0  startup_stm32f40_41xxx.o(.text)
    CAN1_RX1_IRQHandler                      0x0800b0b7   Thumb Code     0  startup_stm32f40_41xxx.o(.text)
    CAN1_SCE_IRQHandler                      0x0800b0b7   Thumb Code     0  startup_stm32f40_41xxx.o(.text)
    CAN1_TX_IRQHandler                       0x0800b0b7   Thumb Code     0  startup_stm32f40_41xxx.o(.text)
    CAN2_RX0_IRQHandler                      0x0800b0b7   Thumb Code     0  startup_stm32f40_41xxx.o(.text)
    CAN2_RX1_IRQHandler                      0x0800b0b7   Thumb Code     0  startup_stm32f40_41xxx.o(.text)
    CAN2_SCE_IRQHandler                      0x0800b0b7   Thumb Code     0  startup_stm32f40_41xxx.o(.text)
    CAN2_TX_IRQHandler                       0x0800b0b7   Thumb Code     0  startup_stm32f40_41xxx.o(.text)
    CRYP_IRQHandler                          0x0800b0b7   Thumb Code     0  startup_stm32f40_41xxx.o(.text)
    DCMI_IRQHandler                          0x0800b0b7   Thumb Code     0  startup_stm32f40_41xxx.o(.text)
    DMA1_Stream0_IRQHandler                  0x0800b0b7   Thumb Code     0  startup_stm32f40_41xxx.o(.text)
    DMA1_Stream1_IRQHandler                  0x0800b0b7   Thumb Code     0  startup_stm32f40_41xxx.o(.text)
    DMA1_Stream2_IRQHandler                  0x0800b0b7   Thumb Code     0  startup_stm32f40_41xxx.o(.text)
    DMA1_Stream3_IRQHandler                  0x0800b0b7   Thumb Code     0  startup_stm32f40_41xxx.o(.text)
    DMA1_Stream4_IRQHandler                  0x0800b0b7   Thumb Code     0  startup_stm32f40_41xxx.o(.text)
    DMA1_Stream5_IRQHandler                  0x0800b0b7   Thumb Code     0  startup_stm32f40_41xxx.o(.text)
    DMA1_Stream6_IRQHandler                  0x0800b0b7   Thumb Code     0  startup_stm32f40_41xxx.o(.text)
    DMA1_Stream7_IRQHandler                  0x0800b0b7   Thumb Code     0  startup_stm32f40_41xxx.o(.text)
    DMA2_Stream0_IRQHandler                  0x0800b0b7   Thumb Code     0  startup_stm32f40_41xxx.o(.text)
    DMA2_Stream1_IRQHandler                  0x0800b0b7   Thumb Code     0  startup_stm32f40_41xxx.o(.text)
    DMA2_Stream2_IRQHandler                  0x0800b0b7   Thumb Code     0  startup_stm32f40_41xxx.o(.text)
    DMA2_Stream3_IRQHandler                  0x0800b0b7   Thumb Code     0  startup_stm32f40_41xxx.o(.text)
    DMA2_Stream4_IRQHandler                  0x0800b0b7   Thumb Code     0  startup_stm32f40_41xxx.o(.text)
    DMA2_Stream5_IRQHandler                  0x0800b0b7   Thumb Code     0  startup_stm32f40_41xxx.o(.text)
    DMA2_Stream6_IRQHandler                  0x0800b0b7   Thumb Code     0  startup_stm32f40_41xxx.o(.text)
    DMA2_Stream7_IRQHandler                  0x0800b0b7   Thumb Code     0  startup_stm32f40_41xxx.o(.text)
    ETH_IRQHandler                           0x0800b0b7   Thumb Code     0  startup_stm32f40_41xxx.o(.text)
    ETH_WKUP_IRQHandler                      0x0800b0b7   Thumb Code     0  startup_stm32f40_41xxx.o(.text)
    EXTI15_10_IRQHandler                     0x0800b0b7   Thumb Code     0  startup_stm32f40_41xxx.o(.text)
    EXTI4_IRQHandler                         0x0800b0b7   Thumb Code     0  startup_stm32f40_41xxx.o(.text)
    EXTI9_5_IRQHandler                       0x0800b0b7   Thumb Code     0  startup_stm32f40_41xxx.o(.text)
    FLASH_IRQHandler                         0x0800b0b7   Thumb Code     0  startup_stm32f40_41xxx.o(.text)
    FPU_IRQHandler                           0x0800b0b7   Thumb Code     0  startup_stm32f40_41xxx.o(.text)
    FSMC_IRQHandler                          0x0800b0b7   Thumb Code     0  startup_stm32f40_41xxx.o(.text)
    HASH_RNG_IRQHandler                      0x0800b0b7   Thumb Code     0  startup_stm32f40_41xxx.o(.text)
    I2C1_ER_IRQHandler                       0x0800b0b7   Thumb Code     0  startup_stm32f40_41xxx.o(.text)
    I2C1_EV_IRQHandler                       0x0800b0b7   Thumb Code     0  startup_stm32f40_41xxx.o(.text)
    I2C2_ER_IRQHandler                       0x0800b0b7   Thumb Code     0  startup_stm32f40_41xxx.o(.text)
    I2C2_EV_IRQHandler                       0x0800b0b7   Thumb Code     0  startup_stm32f40_41xxx.o(.text)
    I2C3_ER_IRQHandler                       0x0800b0b7   Thumb Code     0  startup_stm32f40_41xxx.o(.text)
    I2C3_EV_IRQHandler                       0x0800b0b7   Thumb Code     0  startup_stm32f40_41xxx.o(.text)
    OTG_FS_IRQHandler                        0x0800b0b7   Thumb Code     0  startup_stm32f40_41xxx.o(.text)
    OTG_FS_WKUP_IRQHandler                   0x0800b0b7   Thumb Code     0  startup_stm32f40_41xxx.o(.text)
    OTG_HS_EP1_IN_IRQHandler                 0x0800b0b7   Thumb Code     0  startup_stm32f40_41xxx.o(.text)
    OTG_HS_EP1_OUT_IRQHandler                0x0800b0b7   Thumb Code     0  startup_stm32f40_41xxx.o(.text)
    OTG_HS_IRQHandler                        0x0800b0b7   Thumb Code     0  startup_stm32f40_41xxx.o(.text)
    OTG_HS_WKUP_IRQHandler                   0x0800b0b7   Thumb Code     0  startup_stm32f40_41xxx.o(.text)
    PVD_IRQHandler                           0x0800b0b7   Thumb Code     0  startup_stm32f40_41xxx.o(.text)
    RCC_IRQHandler                           0x0800b0b7   Thumb Code     0  startup_stm32f40_41xxx.o(.text)
    RTC_Alarm_IRQHandler                     0x0800b0b7   Thumb Code     0  startup_stm32f40_41xxx.o(.text)
    RTC_WKUP_IRQHandler                      0x0800b0b7   Thumb Code     0  startup_stm32f40_41xxx.o(.text)
    SDIO_IRQHandler                          0x0800b0b7   Thumb Code     0  startup_stm32f40_41xxx.o(.text)
    SPI1_IRQHandler                          0x0800b0b7   Thumb Code     0  startup_stm32f40_41xxx.o(.text)
    SPI2_IRQHandler                          0x0800b0b7   Thumb Code     0  startup_stm32f40_41xxx.o(.text)
    SPI3_IRQHandler                          0x0800b0b7   Thumb Code     0  startup_stm32f40_41xxx.o(.text)
    TAMP_STAMP_IRQHandler                    0x0800b0b7   Thumb Code     0  startup_stm32f40_41xxx.o(.text)
    TIM1_BRK_TIM9_IRQHandler                 0x0800b0b7   Thumb Code     0  startup_stm32f40_41xxx.o(.text)
    TIM1_CC_IRQHandler                       0x0800b0b7   Thumb Code     0  startup_stm32f40_41xxx.o(.text)
    TIM1_TRG_COM_TIM11_IRQHandler            0x0800b0b7   Thumb Code     0  startup_stm32f40_41xxx.o(.text)
    TIM1_UP_TIM10_IRQHandler                 0x0800b0b7   Thumb Code     0  startup_stm32f40_41xxx.o(.text)
    TIM2_IRQHandler                          0x0800b0b7   Thumb Code     0  startup_stm32f40_41xxx.o(.text)
    TIM3_IRQHandler                          0x0800b0b7   Thumb Code     0  startup_stm32f40_41xxx.o(.text)
    TIM4_IRQHandler                          0x0800b0b7   Thumb Code     0  startup_stm32f40_41xxx.o(.text)
    TIM5_IRQHandler                          0x0800b0b7   Thumb Code     0  startup_stm32f40_41xxx.o(.text)
    TIM6_DAC_IRQHandler                      0x0800b0b7   Thumb Code     0  startup_stm32f40_41xxx.o(.text)
    TIM7_IRQHandler                          0x0800b0b7   Thumb Code     0  startup_stm32f40_41xxx.o(.text)
    TIM8_BRK_TIM12_IRQHandler                0x0800b0b7   Thumb Code     0  startup_stm32f40_41xxx.o(.text)
    TIM8_CC_IRQHandler                       0x0800b0b7   Thumb Code     0  startup_stm32f40_41xxx.o(.text)
    TIM8_TRG_COM_TIM14_IRQHandler            0x0800b0b7   Thumb Code     0  startup_stm32f40_41xxx.o(.text)
    TIM8_UP_TIM13_IRQHandler                 0x0800b0b7   Thumb Code     0  startup_stm32f40_41xxx.o(.text)
    UART5_IRQHandler                         0x0800b0b7   Thumb Code     0  startup_stm32f40_41xxx.o(.text)
    USART3_IRQHandler                        0x0800b0b7   Thumb Code     0  startup_stm32f40_41xxx.o(.text)
    USART6_IRQHandler                        0x0800b0b7   Thumb Code     0  startup_stm32f40_41xxx.o(.text)
    WWDG_IRQHandler                          0x0800b0b7   Thumb Code     0  startup_stm32f40_41xxx.o(.text)
    __user_initial_stackheap                 0x0800b0b9   Thumb Code     0  startup_stm32f40_41xxx.o(.text)
    NVIC_PriorityGroupConfig                 0x0800b0dd   Thumb Code    10  misc.o(.text)
    NVIC_Init                                0x0800b0e7   Thumb Code   106  misc.o(.text)
    NVIC_SetVectorTable                      0x0800b151   Thumb Code    14  misc.o(.text)
    NVIC_SystemLPConfig                      0x0800b15f   Thumb Code    34  misc.o(.text)
    SysTick_CLKSourceConfig                  0x0800b181   Thumb Code    40  misc.o(.text)
    GPIO_DeInit                              0x0800b1bd   Thumb Code   268  stm32f4xx_gpio.o(.text)
    GPIO_Init                                0x0800b2c9   Thumb Code   144  stm32f4xx_gpio.o(.text)
    GPIO_StructInit                          0x0800b359   Thumb Code    18  stm32f4xx_gpio.o(.text)
    GPIO_PinLockConfig                       0x0800b36b   Thumb Code    34  stm32f4xx_gpio.o(.text)
    GPIO_ReadInputDataBit                    0x0800b38d   Thumb Code    18  stm32f4xx_gpio.o(.text)
    GPIO_ReadInputData                       0x0800b39f   Thumb Code     8  stm32f4xx_gpio.o(.text)
    GPIO_ReadOutputDataBit                   0x0800b3a7   Thumb Code    18  stm32f4xx_gpio.o(.text)
    GPIO_ReadOutputData                      0x0800b3b9   Thumb Code     8  stm32f4xx_gpio.o(.text)
    GPIO_SetBits                             0x0800b3c1   Thumb Code     4  stm32f4xx_gpio.o(.text)
    GPIO_ResetBits                           0x0800b3c5   Thumb Code     4  stm32f4xx_gpio.o(.text)
    GPIO_WriteBit                            0x0800b3c9   Thumb Code    10  stm32f4xx_gpio.o(.text)
    GPIO_Write                               0x0800b3d3   Thumb Code     4  stm32f4xx_gpio.o(.text)
    GPIO_ToggleBits                          0x0800b3d7   Thumb Code     8  stm32f4xx_gpio.o(.text)
    GPIO_PinAFConfig                         0x0800b3df   Thumb Code    70  stm32f4xx_gpio.o(.text)
    FSMC_NORSRAMDeInit                       0x0800b451   Thumb Code    54  stm32f4xx_fsmc.o(.text)
    FSMC_NORSRAMInit                         0x0800b487   Thumb Code   230  stm32f4xx_fsmc.o(.text)
    FSMC_NORSRAMStructInit                   0x0800b56d   Thumb Code    48  stm32f4xx_fsmc.o(.text)
    FSMC_NORSRAMCmd                          0x0800b59d   Thumb Code    46  stm32f4xx_fsmc.o(.text)
    FSMC_NANDDeInit                          0x0800b5cb   Thumb Code    62  stm32f4xx_fsmc.o(.text)
    FSMC_NANDInit                            0x0800b609   Thumb Code   132  stm32f4xx_fsmc.o(.text)
    FSMC_NANDStructInit                      0x0800b68d   Thumb Code    54  stm32f4xx_fsmc.o(.text)
    FSMC_NANDCmd                             0x0800b6c3   Thumb Code    86  stm32f4xx_fsmc.o(.text)
    FSMC_NANDECCCmd                          0x0800b719   Thumb Code    86  stm32f4xx_fsmc.o(.text)
    FSMC_GetECC                              0x0800b76f   Thumb Code    24  stm32f4xx_fsmc.o(.text)
    FSMC_PCCARDDeInit                        0x0800b787   Thumb Code    36  stm32f4xx_fsmc.o(.text)
    FSMC_PCCARDInit                          0x0800b7ab   Thumb Code   130  stm32f4xx_fsmc.o(.text)
    FSMC_PCCARDStructInit                    0x0800b82d   Thumb Code    60  stm32f4xx_fsmc.o(.text)
    FSMC_PCCARDCmd                           0x0800b869   Thumb Code    44  stm32f4xx_fsmc.o(.text)
    FSMC_ITConfig                            0x0800b895   Thumb Code   128  stm32f4xx_fsmc.o(.text)
    FSMC_GetFlagStatus                       0x0800b915   Thumb Code    54  stm32f4xx_fsmc.o(.text)
    FSMC_ClearFlag                           0x0800b94b   Thumb Code    74  stm32f4xx_fsmc.o(.text)
    FSMC_GetITStatus                         0x0800b995   Thumb Code    62  stm32f4xx_fsmc.o(.text)
    FSMC_ClearITPendingBit                   0x0800b9d3   Thumb Code    66  stm32f4xx_fsmc.o(.text)
    RCC_DeInit                               0x0800ba19   Thumb Code    82  stm32f4xx_rcc.o(.text)
    RCC_HSEConfig                            0x0800ba6b   Thumb Code    14  stm32f4xx_rcc.o(.text)
    RCC_GetFlagStatus                        0x0800ba79   Thumb Code    60  stm32f4xx_rcc.o(.text)
    RCC_WaitForHSEStartUp                    0x0800bab5   Thumb Code    56  stm32f4xx_rcc.o(.text)
    RCC_AdjustHSICalibrationValue            0x0800baed   Thumb Code    20  stm32f4xx_rcc.o(.text)
    RCC_HSICmd                               0x0800bb01   Thumb Code     6  stm32f4xx_rcc.o(.text)
    RCC_LSEConfig                            0x0800bb07   Thumb Code    46  stm32f4xx_rcc.o(.text)
    RCC_LSICmd                               0x0800bb35   Thumb Code     6  stm32f4xx_rcc.o(.text)
    RCC_PLLConfig                            0x0800bb3b   Thumb Code    32  stm32f4xx_rcc.o(.text)
    RCC_PLLCmd                               0x0800bb5b   Thumb Code     6  stm32f4xx_rcc.o(.text)
    RCC_PLLI2SConfig                         0x0800bb61   Thumb Code    14  stm32f4xx_rcc.o(.text)
    RCC_PLLI2SCmd                            0x0800bb6f   Thumb Code     6  stm32f4xx_rcc.o(.text)
    RCC_PLLSAIConfig                         0x0800bb75   Thumb Code    20  stm32f4xx_rcc.o(.text)
    RCC_PLLSAICmd                            0x0800bb89   Thumb Code     6  stm32f4xx_rcc.o(.text)
    RCC_ClockSecuritySystemCmd               0x0800bb8f   Thumb Code     6  stm32f4xx_rcc.o(.text)
    RCC_MCO1Config                           0x0800bb95   Thumb Code    28  stm32f4xx_rcc.o(.text)
    RCC_MCO2Config                           0x0800bbb1   Thumb Code    28  stm32f4xx_rcc.o(.text)
    RCC_SYSCLKConfig                         0x0800bbcd   Thumb Code    20  stm32f4xx_rcc.o(.text)
    RCC_GetSYSCLKSource                      0x0800bbe1   Thumb Code    12  stm32f4xx_rcc.o(.text)
    RCC_HCLKConfig                           0x0800bbed   Thumb Code    20  stm32f4xx_rcc.o(.text)
    RCC_PCLK1Config                          0x0800bc01   Thumb Code    20  stm32f4xx_rcc.o(.text)
    RCC_PCLK2Config                          0x0800bc15   Thumb Code    22  stm32f4xx_rcc.o(.text)
    RCC_GetClocksFreq                        0x0800bc2b   Thumb Code   222  stm32f4xx_rcc.o(.text)
    RCC_RTCCLKConfig                         0x0800bd09   Thumb Code    54  stm32f4xx_rcc.o(.text)
    RCC_RTCCLKCmd                            0x0800bd3f   Thumb Code     8  stm32f4xx_rcc.o(.text)
    RCC_BackupResetCmd                       0x0800bd47   Thumb Code     8  stm32f4xx_rcc.o(.text)
    RCC_I2SCLKConfig                         0x0800bd4f   Thumb Code     6  stm32f4xx_rcc.o(.text)
    RCC_SAIPLLI2SClkDivConfig                0x0800bd55   Thumb Code    26  stm32f4xx_rcc.o(.text)
    RCC_SAIPLLSAIClkDivConfig                0x0800bd6f   Thumb Code    28  stm32f4xx_rcc.o(.text)
    RCC_SAIBlockACLKConfig                   0x0800bd8b   Thumb Code    20  stm32f4xx_rcc.o(.text)
    RCC_SAIBlockBCLKConfig                   0x0800bd9f   Thumb Code    20  stm32f4xx_rcc.o(.text)
    RCC_LTDCCLKDivConfig                     0x0800bdb3   Thumb Code    20  stm32f4xx_rcc.o(.text)
    RCC_TIMCLKPresConfig                     0x0800bdc7   Thumb Code     6  stm32f4xx_rcc.o(.text)
    RCC_AHB1PeriphClockCmd                   0x0800bdcd   Thumb Code    34  stm32f4xx_rcc.o(.text)
    RCC_AHB2PeriphClockCmd                   0x0800bdef   Thumb Code    78  stm32f4xx_rcc.o(.text)
    RCC_AHB3PeriphClockCmd                   0x0800be3d   Thumb Code    34  stm32f4xx_rcc.o(.text)
    RCC_APB1PeriphClockCmd                   0x0800be5f   Thumb Code    34  stm32f4xx_rcc.o(.text)
    RCC_APB2PeriphClockCmd                   0x0800be81   Thumb Code    34  stm32f4xx_rcc.o(.text)
    RCC_AHB1PeriphResetCmd                   0x0800bea3   Thumb Code    34  stm32f4xx_rcc.o(.text)
    RCC_AHB2PeriphResetCmd                   0x0800bec5   Thumb Code    34  stm32f4xx_rcc.o(.text)
    RCC_AHB3PeriphResetCmd                   0x0800bee7   Thumb Code    34  stm32f4xx_rcc.o(.text)
    RCC_APB1PeriphResetCmd                   0x0800bf09   Thumb Code    34  stm32f4xx_rcc.o(.text)
    RCC_APB2PeriphResetCmd                   0x0800bf2b   Thumb Code    34  stm32f4xx_rcc.o(.text)
    RCC_AHB1PeriphClockLPModeCmd             0x0800bf4d   Thumb Code    34  stm32f4xx_rcc.o(.text)
    RCC_AHB2PeriphClockLPModeCmd             0x0800bf6f   Thumb Code    34  stm32f4xx_rcc.o(.text)
    RCC_AHB3PeriphClockLPModeCmd             0x0800bf91   Thumb Code    34  stm32f4xx_rcc.o(.text)
    RCC_APB1PeriphClockLPModeCmd             0x0800bfb3   Thumb Code    34  stm32f4xx_rcc.o(.text)
    RCC_APB2PeriphClockLPModeCmd             0x0800bfd5   Thumb Code    34  stm32f4xx_rcc.o(.text)
    RCC_LSEModeConfig                        0x0800bff7   Thumb Code    40  stm32f4xx_rcc.o(.text)
    RCC_ITConfig                             0x0800c01f   Thumb Code    34  stm32f4xx_rcc.o(.text)
    RCC_ClearFlag                            0x0800c041   Thumb Code    18  stm32f4xx_rcc.o(.text)
    RCC_GetITStatus                          0x0800c053   Thumb Code    22  stm32f4xx_rcc.o(.text)
    RCC_ClearITPendingBit                    0x0800c069   Thumb Code     8  stm32f4xx_rcc.o(.text)
    SYSCFG_DeInit                            0x0800c075   Thumb Code    22  stm32f4xx_syscfg.o(.text)
    SYSCFG_MemoryRemapConfig                 0x0800c08b   Thumb Code     6  stm32f4xx_syscfg.o(.text)
    SYSCFG_MemorySwappingBank                0x0800c091   Thumb Code     6  stm32f4xx_syscfg.o(.text)
    SYSCFG_EXTILineConfig                    0x0800c097   Thumb Code    66  stm32f4xx_syscfg.o(.text)
    SYSCFG_ETH_MediaInterfaceConfig          0x0800c0d9   Thumb Code     8  stm32f4xx_syscfg.o(.text)
    SYSCFG_CompensationCellCmd               0x0800c0e1   Thumb Code     6  stm32f4xx_syscfg.o(.text)
    SYSCFG_GetCompensationCellStatus         0x0800c0e7   Thumb Code    22  stm32f4xx_syscfg.o(.text)
    USART_DeInit                             0x0800c109   Thumb Code   206  stm32f4xx_usart.o(.text)
    USART_Init                               0x0800c1d7   Thumb Code   204  stm32f4xx_usart.o(.text)
    USART_StructInit                         0x0800c2a3   Thumb Code    24  stm32f4xx_usart.o(.text)
    USART_ClockInit                          0x0800c2bb   Thumb Code    32  stm32f4xx_usart.o(.text)
    USART_ClockStructInit                    0x0800c2db   Thumb Code    12  stm32f4xx_usart.o(.text)
    USART_Cmd                                0x0800c2e7   Thumb Code    24  stm32f4xx_usart.o(.text)
    USART_SetPrescaler                       0x0800c2ff   Thumb Code    16  stm32f4xx_usart.o(.text)
    USART_OverSampling8Cmd                   0x0800c30f   Thumb Code    22  stm32f4xx_usart.o(.text)
    USART_OneBitMethodCmd                    0x0800c325   Thumb Code    24  stm32f4xx_usart.o(.text)
    USART_SendData                           0x0800c33d   Thumb Code     8  stm32f4xx_usart.o(.text)
    USART_ReceiveData                        0x0800c345   Thumb Code    10  stm32f4xx_usart.o(.text)
    USART_SetAddress                         0x0800c34f   Thumb Code    18  stm32f4xx_usart.o(.text)
    USART_ReceiverWakeUpCmd                  0x0800c361   Thumb Code    24  stm32f4xx_usart.o(.text)
    USART_WakeUpConfig                       0x0800c379   Thumb Code    18  stm32f4xx_usart.o(.text)
    USART_LINBreakDetectLengthConfig         0x0800c38b   Thumb Code    18  stm32f4xx_usart.o(.text)
    USART_LINCmd                             0x0800c39d   Thumb Code    24  stm32f4xx_usart.o(.text)
    USART_SendBreak                          0x0800c3b5   Thumb Code    10  stm32f4xx_usart.o(.text)
    USART_HalfDuplexCmd                      0x0800c3bf   Thumb Code    24  stm32f4xx_usart.o(.text)
    USART_SetGuardTime                       0x0800c3d7   Thumb Code    16  stm32f4xx_usart.o(.text)
    USART_SmartCardCmd                       0x0800c3e7   Thumb Code    24  stm32f4xx_usart.o(.text)
    USART_SmartCardNACKCmd                   0x0800c3ff   Thumb Code    24  stm32f4xx_usart.o(.text)
    USART_IrDAConfig                         0x0800c417   Thumb Code    18  stm32f4xx_usart.o(.text)
    USART_IrDACmd                            0x0800c429   Thumb Code    24  stm32f4xx_usart.o(.text)
    USART_DMACmd                             0x0800c441   Thumb Code    18  stm32f4xx_usart.o(.text)
    USART_ITConfig                           0x0800c453   Thumb Code    74  stm32f4xx_usart.o(.text)
    USART_GetFlagStatus                      0x0800c49d   Thumb Code    26  stm32f4xx_usart.o(.text)
    USART_ClearFlag                          0x0800c4b7   Thumb Code    18  stm32f4xx_usart.o(.text)
    USART_GetITStatus                        0x0800c4c9   Thumb Code   118  stm32f4xx_usart.o(.text)
    USART_ClearITPendingBit                  0x0800c53f   Thumb Code    30  stm32f4xx_usart.o(.text)
    EXTI_DeInit                              0x0800c55d   Thumb Code    28  stm32f4xx_exti.o(.text)
    EXTI_Init                                0x0800c579   Thumb Code   142  stm32f4xx_exti.o(.text)
    EXTI_StructInit                          0x0800c607   Thumb Code    16  stm32f4xx_exti.o(.text)
    EXTI_GenerateSWInterrupt                 0x0800c617   Thumb Code    16  stm32f4xx_exti.o(.text)
    EXTI_GetFlagStatus                       0x0800c627   Thumb Code    22  stm32f4xx_exti.o(.text)
    EXTI_ClearFlag                           0x0800c63d   Thumb Code     8  stm32f4xx_exti.o(.text)
    EXTI_GetITStatus                         0x0800c645   Thumb Code    22  stm32f4xx_exti.o(.text)
    EXTI_ClearITPendingBit                   0x0800c65b   Thumb Code     8  stm32f4xx_exti.o(.text)
    __use_no_semihosting                     0x0800c66d   Thumb Code     2  use_no_semi_2.o(.text)
    __c89vsnprintf                           0x0800c671   Thumb Code    48  c89vsnprintf.o(.text)
    __2printf                                0x0800c6a5   Thumb Code    20  __2printf.o(.text)
    _printf_longlong_hex                     0x0800c6bd   Thumb Code    86  _printf_hex_int_ll_ptr.o(.text)
    _printf_int_hex                          0x0800c713   Thumb Code    28  _printf_hex_int_ll_ptr.o(.text)
    _printf_ll_hex                           0x0800c72f   Thumb Code    12  _printf_hex_int_ll_ptr.o(.text)
    _printf_hex_ptr                          0x0800c73b   Thumb Code    18  _printf_hex_int_ll_ptr.o(.text)
    __printf                                 0x0800c751   Thumb Code   388  __printf_flags_ss_wp.o(.text)
    __aeabi_memcpy                           0x0800c8d9   Thumb Code     0  rt_memcpy_v6.o(.text)
    __rt_memcpy                              0x0800c8d9   Thumb Code   138  rt_memcpy_v6.o(.text)
    _memcpy_lastbytes                        0x0800c93f   Thumb Code     0  rt_memcpy_v6.o(.text)
    __aeabi_memclr                           0x0800c963   Thumb Code     0  rt_memclr.o(.text)
    __rt_memclr                              0x0800c963   Thumb Code    68  rt_memclr.o(.text)
    _memset                                  0x0800c967   Thumb Code     0  rt_memclr.o(.text)
    __use_two_region_memory                  0x0800c9a7   Thumb Code     2  heapauxi.o(.text)
    __rt_heap_escrow$2region                 0x0800c9a9   Thumb Code     2  heapauxi.o(.text)
    __rt_heap_expand$2region                 0x0800c9ab   Thumb Code     2  heapauxi.o(.text)
    __I$use$semihosting                      0x0800c9ad   Thumb Code     0  use_no_semi.o(.text)
    __use_no_semihosting_swi                 0x0800c9ad   Thumb Code     2  use_no_semi.o(.text)
    _printf_pre_padding                      0x0800c9af   Thumb Code    44  _printf_pad.o(.text)
    _printf_post_padding                     0x0800c9db   Thumb Code    34  _printf_pad.o(.text)
    _printf_truncate_signed                  0x0800c9fd   Thumb Code    18  _printf_truncate.o(.text)
    _printf_truncate_unsigned                0x0800ca0f   Thumb Code    18  _printf_truncate.o(.text)
    _printf_str                              0x0800ca21   Thumb Code    82  _printf_str.o(.text)
    _printf_int_common                       0x0800ca73   Thumb Code   178  _printf_intcommon.o(.text)
    _printf_int_dec                          0x0800cb25   Thumb Code   104  _printf_dec.o(.text)
    _printf_charcount                        0x0800cb9d   Thumb Code    40  _printf_charcount.o(.text)
    _printf_char_common                      0x0800cbcf   Thumb Code    32  _printf_char_common.o(.text)
    _sputc                                   0x0800cbf5   Thumb Code    10  _sputc.o(.text)
    _snputc                                  0x0800cbff   Thumb Code    16  _snputc.o(.text)
    _printf_char_file                        0x0800cc11   Thumb Code    32  _printf_char_file.o(.text)
    _printf_wctomb                           0x0800cc35   Thumb Code   182  _printf_wctomb.o(.text)
    _printf_longlong_dec                     0x0800ccf1   Thumb Code   108  _printf_longlong_dec.o(.text)
    _printf_longlong_oct                     0x0800cd6d   Thumb Code    66  _printf_oct_int_ll.o(.text)
    _printf_int_oct                          0x0800cdaf   Thumb Code    24  _printf_oct_int_ll.o(.text)
    _printf_ll_oct                           0x0800cdc7   Thumb Code    12  _printf_oct_int_ll.o(.text)
    __aeabi_memcpy4                          0x0800cddd   Thumb Code     0  rt_memcpy_w.o(.text)
    __aeabi_memcpy8                          0x0800cddd   Thumb Code     0  rt_memcpy_w.o(.text)
    __rt_memcpy_w                            0x0800cddd   Thumb Code   100  rt_memcpy_w.o(.text)
    _memcpy_lastbytes_aligned                0x0800ce25   Thumb Code     0  rt_memcpy_w.o(.text)
    __aeabi_memclr4                          0x0800ce41   Thumb Code     0  rt_memclr_w.o(.text)
    __aeabi_memclr8                          0x0800ce41   Thumb Code     0  rt_memclr_w.o(.text)
    __rt_memclr_w                            0x0800ce41   Thumb Code    78  rt_memclr_w.o(.text)
    _memset_w                                0x0800ce45   Thumb Code     0  rt_memclr_w.o(.text)
    _ll_udiv10                               0x0800ce8f   Thumb Code   138  lludiv10.o(.text)
    __lib_sel_fp_printf                      0x0800cf19   Thumb Code     2  _printf_fp_dec.o(.text)
    _printf_fp_dec_real                      0x0800d0cb   Thumb Code   620  _printf_fp_dec.o(.text)
    _printf_cs_common                        0x0800d337   Thumb Code    20  _printf_char.o(.text)
    _printf_char                             0x0800d34b   Thumb Code    16  _printf_char.o(.text)
    _printf_string                           0x0800d35b   Thumb Code     8  _printf_char.o(.text)
    _printf_lcs_common                       0x0800d363   Thumb Code    20  _printf_wchar.o(.text)
    _printf_wchar                            0x0800d377   Thumb Code    16  _printf_wchar.o(.text)
    _printf_wstring                          0x0800d387   Thumb Code     8  _printf_wchar.o(.text)
    ferror                                   0x0800d38f   Thumb Code     8  ferror.o(.text)
    _wcrtomb                                 0x0800d397   Thumb Code    64  _wcrtomb.o(.text)
    __user_setup_stackheap                   0x0800d3d7   Thumb Code    74  sys_stackheap_outer.o(.text)
    __rt_ctype_table                         0x0800d421   Thumb Code    16  rt_ctype_table.o(.text)
    __rt_locale                              0x0800d431   Thumb Code     8  rt_locale_intlibspace.o(.text)
    _printf_fp_infnan                        0x0800d439   Thumb Code   112  _printf_fp_infnan.o(.text)
    _btod_etento                             0x0800d4b9   Thumb Code   224  bigflt0.o(.text)
    exit                                     0x0800d59d   Thumb Code    18  exit.o(.text)
    __user_libspace                          0x0800d5b1   Thumb Code     8  libspace.o(.text)
    __user_perproc_libspace                  0x0800d5b1   Thumb Code     0  libspace.o(.text)
    __user_perthread_libspace                0x0800d5b1   Thumb Code     0  libspace.o(.text)
    strcmp                                   0x0800d5b9   Thumb Code   128  strcmpv7m.o(.text)
    _btod_d2e                                0x0800d639   Thumb Code    62  btod.o(CL$$btod_d2e)
    _d2e_denorm_low                          0x0800d677   Thumb Code    70  btod.o(CL$$btod_d2e_denorm_low)
    _d2e_norm_op1                            0x0800d6bd   Thumb Code    96  btod.o(CL$$btod_d2e_norm_op1)
    __btod_div_common                        0x0800d71d   Thumb Code   696  btod.o(CL$$btod_div_common)
    _e2e                                     0x0800da55   Thumb Code   220  btod.o(CL$$btod_e2e)
    _btod_ediv                               0x0800db31   Thumb Code    42  btod.o(CL$$btod_ediv)
    _btod_emul                               0x0800db5b   Thumb Code    42  btod.o(CL$$btod_emul)
    __btod_mult_common                       0x0800db85   Thumb Code   580  btod.o(CL$$btod_mult_common)
    __ARM_fpclassify                         0x0800ddc9   Thumb Code    48  fpclassify.o(i.__ARM_fpclassify)
    _is_digit                                0x0800ddf9   Thumb Code    14  __printf_wp.o(i._is_digit)
    _get_lc_numeric                          0x0800de09   Thumb Code    44  lc_numeric_c.o(locale$$code)
    _get_lc_ctype                            0x0800de35   Thumb Code    44  lc_ctype_c.o(locale$$code)
    __aeabi_d2f                              0x0800de61   Thumb Code     0  d2f.o(x$fpl$d2f)
    _d2f                                     0x0800de61   Thumb Code    98  d2f.o(x$fpl$d2f)
    __aeabi_ddiv                             0x0800dec5   Thumb Code     0  ddiv.o(x$fpl$ddiv)
    _ddiv                                    0x0800dec5   Thumb Code   552  ddiv.o(x$fpl$ddiv)
    __aeabi_d2uiz                            0x0800e175   Thumb Code     0  dfixu.o(x$fpl$dfixu)
    _dfixu                                   0x0800e175   Thumb Code    90  dfixu.o(x$fpl$dfixu)
    __aeabi_ui2d                             0x0800e1cf   Thumb Code     0  dflt_clz.o(x$fpl$dfltu)
    _dfltu                                   0x0800e1cf   Thumb Code    38  dflt_clz.o(x$fpl$dfltu)
    __aeabi_dmul                             0x0800e1f5   Thumb Code     0  dmul.o(x$fpl$dmul)
    _dmul                                    0x0800e1f5   Thumb Code   332  dmul.o(x$fpl$dmul)
    __fpl_dnaninf                            0x0800e349   Thumb Code   156  dnaninf.o(x$fpl$dnaninf)
    __fpl_dretinf                            0x0800e3e5   Thumb Code    12  dretinf.o(x$fpl$dretinf)
    _fp_init                                 0x0800e3f1   Thumb Code    10  fpinit.o(x$fpl$fpinit)
    __fplib_config_fpu_vfp                   0x0800e3f9   Thumb Code     0  fpinit.o(x$fpl$fpinit)
    __fplib_config_pureend_doubles           0x0800e3f9   Thumb Code     0  fpinit.o(x$fpl$fpinit)
    __fpl_fretinf                            0x0800e3fb   Thumb Code    10  fretinf.o(x$fpl$fretinf)
    _printf_fp_dec                           0x0800e405   Thumb Code     4  printf1.o(x$fpl$printf1)
    __I$use$fp                               0x0800e408   Number         0  usenofp.o(x$fpl$usenofp)
    asc2_1206                                0x0800e408   Data        1140  lcd.o(.constdata)
    asc2_1608                                0x0800e87c   Data        1520  lcd.o(.constdata)
    asc2_2412                                0x0800ee6c   Data        3420  lcd.o(.constdata)
    FSMC_DefaultTimingStruct                 0x0800fbc8   Data          28  stm32f4xx_fsmc.o(.constdata)
    Region$$Table$$Base                      0x0800fcbc   Number         0  anon$$obj.o(Region$$Table)
    Region$$Table$$Limit                     0x0800fcdc   Number         0  anon$$obj.o(Region$$Table)
    __ctype                                  0x0800fd05   Data           0  lc_ctype_c.o(locale$$data)
    num4_Sum1                                0x20000000   Data           4  main.o(.data)
    num4_Sum2                                0x20000004   Data           4  main.o(.data)
    hand_record                              0x20000008   Data           1  main.o(.data)
    gesture_record                           0x20000009   Data           1  main.o(.data)
    number_hand                              0x2000000a   Data           1  main.o(.data)
    test1_hand                               0x2000000b   Data           1  main.o(.data)
    test2_hand                               0x2000000c   Data           1  main.o(.data)
    SystemCoreClock                          0x20000010   Data           4  system_stm32f4xx.o(.data)
    AHBPrescTable                            0x20000014   Data          16  system_stm32f4xx.o(.data)
    Data_FDC                                 0x20000024   Data           4  fdc2214.o(.data)
    Data_FDC2                                0x20000028   Data           4  fdc22142.o(.data)
    POINT_COLOR                              0x2000002c   Data           2  lcd.o(.data)
    BACK_COLOR                               0x2000002e   Data           2  lcd.o(.data)
    mode                                     0x20000030   Data           1  exti.o(.data)
    start_end                                0x20000031   Data           1  exti.o(.data)
    roshambo_wait                            0x20000032   Data           1  exti.o(.data)
    number_wait                              0x20000033   Data           1  exti.o(.data)
    rock_hand_record                         0x20000034   Data           1  exti.o(.data)
    paper_hand_record                        0x20000035   Data           1  exti.o(.data)
    scissors_hand_record                     0x20000036   Data           1  exti.o(.data)
    rock_hand_record2                        0x20000037   Data           1  exti.o(.data)
    paper_hand_record2                       0x20000038   Data           1  exti.o(.data)
    scissors_hand_record2                    0x20000039   Data           1  exti.o(.data)
    rock_hand_record3                        0x2000003a   Data           1  exti.o(.data)
    paper_hand_record3                       0x2000003b   Data           1  exti.o(.data)
    scissors_hand_record3                    0x2000003c   Data           1  exti.o(.data)
    number1_record                           0x2000003d   Data           1  exti.o(.data)
    number2_record                           0x2000003e   Data           1  exti.o(.data)
    number3_record                           0x2000003f   Data           1  exti.o(.data)
    number4_record                           0x20000040   Data           1  exti.o(.data)
    number5_record                           0x20000041   Data           1  exti.o(.data)
    number1_record2                          0x20000042   Data           1  exti.o(.data)
    number2_record2                          0x20000043   Data           1  exti.o(.data)
    number3_record2                          0x20000044   Data           1  exti.o(.data)
    number4_record2                          0x20000045   Data           1  exti.o(.data)
    number5_record2                          0x20000046   Data           1  exti.o(.data)
    number1_record3                          0x20000047   Data           1  exti.o(.data)
    number2_record3                          0x20000048   Data           1  exti.o(.data)
    number3_record3                          0x20000049   Data           1  exti.o(.data)
    number4_record3                          0x2000004a   Data           1  exti.o(.data)
    number5_record3                          0x2000004b   Data           1  exti.o(.data)
    num4_SumCap1                             0x2000004c   Data           4  exti.o(.data)
    num4_SumCap2                             0x20000050   Data           4  exti.o(.data)
    usart_num                                0x20000054   Data           1  exti.o(.data)
    __stdout                                 0x2000005c   Data           4  silencht_usart.o(.data)
    USART1_RX_STA                            0x20000060   Data           2  silencht_usart.o(.data)
    USART2_RX_STA                            0x20000062   Data           2  silencht_usart.o(.data)
    UART4_RX_STA                             0x20000064   Data           2  silencht_usart.o(.data)
    USART2_A_STA                             0x20000066   Data           2  silencht_usart.o(.data)
    USART2_B_STA                             0x20000068   Data           2  silencht_usart.o(.data)
    res                                      0x20000080   Data          32  main.o(.bss)
    gesture                                  0x200000a0   Data          32  main.o(.bss)
    lcddev                                   0x200000c0   Data          14  lcd.o(.bss)
    init_Cap_buffer                          0x200000d0   Data         204  exti.o(.bss)
    crrent_Cap_buffer                        0x2000019c   Data          20  exti.o(.bss)
    temp                                     0x200001b0   Data          32  exti.o(.bss)
    test_temp                                0x200001d0   Data          32  exti.o(.bss)
    rock                                     0x200001f0   Data          32  exti.o(.bss)
    paper                                    0x20000210   Data          32  exti.o(.bss)
    scissors                                 0x20000230   Data          32  exti.o(.bss)
    number                                   0x20000250   Data          32  exti.o(.bss)
    USART1_RX_BUF                            0x20000270   Data         200  silencht_usart.o(.bss)
    USART2_RX_BUF                            0x20000338   Data         200  silencht_usart.o(.bss)
    UART4_RX_BUF                             0x20000400   Data         200  silencht_usart.o(.bss)
    USART2_A_BUF                             0x200004c8   Data         200  silencht_usart.o(.bss)
    USART2_B_BUF                             0x20000590   Data         200  silencht_usart.o(.bss)
    __libspace_start                         0x20000658   Data          96  libspace.o(.bss)
    __temporary_stack_top$libspace           0x200006b8   Data           0  libspace.o(.bss)



==============================================================================

Memory Map of the image

  Image Entry point : 0x08000189

  Load Region LR_IROM1 (Base: 0x08000000, Size: 0x0000fe88, Max: 0x00080000, ABSOLUTE)

    Execution Region ER_IROM1 (Exec base: 0x08000000, Load base: 0x08000000, Size: 0x0000fe08, Max: 0x00080000, ABSOLUTE)

    Exec Addr    Load Addr    Size         Type   Attr      Idx    E Section Name        Object

    0x08000000   0x08000000   0x00000188   Data   RO          485    RESET               startup_stm32f40_41xxx.o
    0x08000188   0x08000188   0x00000008   Code   RO          756  * !!!main             c_w.l(__main.o)
    0x08000190   0x08000190   0x00000034   Code   RO         1057    !!!scatter          c_w.l(__scatter.o)
    0x080001c4   0x080001c4   0x0000001a   Code   RO         1059    !!handler_copy      c_w.l(__scatter_copy.o)
    0x080001de   0x080001de   0x00000002   PAD
    0x080001e0   0x080001e0   0x0000001c   Code   RO         1061    !!handler_zi        c_w.l(__scatter_zi.o)
    0x080001fc   0x080001fc   0x00000000   Code   RO          749    .ARM.Collect$$_printf_percent$$00000000  c_w.l(_printf_percent.o)
    0x080001fc   0x080001fc   0x00000006   Code   RO          812    .ARM.Collect$$_printf_percent$$00000001  c_w.l(_printf_n.o)
    0x08000202   0x08000202   0x00000006   Code   RO          813    .ARM.Collect$$_printf_percent$$00000002  c_w.l(_printf_p.o)
    0x08000208   0x08000208   0x00000006   Code   RO          818    .ARM.Collect$$_printf_percent$$00000003  c_w.l(_printf_f.o)
    0x0800020e   0x0800020e   0x00000006   Code   RO          819    .ARM.Collect$$_printf_percent$$00000004  c_w.l(_printf_e.o)
    0x08000214   0x08000214   0x00000006   Code   RO          820    .ARM.Collect$$_printf_percent$$00000005  c_w.l(_printf_g.o)
    0x0800021a   0x0800021a   0x00000006   Code   RO          821    .ARM.Collect$$_printf_percent$$00000006  c_w.l(_printf_a.o)
    0x08000220   0x08000220   0x0000000a   Code   RO          826    .ARM.Collect$$_printf_percent$$00000007  c_w.l(_printf_ll.o)
    0x0800022a   0x0800022a   0x00000006   Code   RO          815    .ARM.Collect$$_printf_percent$$00000008  c_w.l(_printf_i.o)
    0x08000230   0x08000230   0x00000006   Code   RO          816    .ARM.Collect$$_printf_percent$$00000009  c_w.l(_printf_d.o)
    0x08000236   0x08000236   0x00000006   Code   RO          817    .ARM.Collect$$_printf_percent$$0000000A  c_w.l(_printf_u.o)
    0x0800023c   0x0800023c   0x00000006   Code   RO          814    .ARM.Collect$$_printf_percent$$0000000B  c_w.l(_printf_o.o)
    0x08000242   0x08000242   0x00000006   Code   RO          748    .ARM.Collect$$_printf_percent$$0000000C  c_w.l(_printf_x.o)
    0x08000248   0x08000248   0x00000006   Code   RO          823    .ARM.Collect$$_printf_percent$$0000000D  c_w.l(_printf_lli.o)
    0x0800024e   0x0800024e   0x00000006   Code   RO          824    .ARM.Collect$$_printf_percent$$0000000E  c_w.l(_printf_lld.o)
    0x08000254   0x08000254   0x00000006   Code   RO          825    .ARM.Collect$$_printf_percent$$0000000F  c_w.l(_printf_llu.o)
    0x0800025a   0x0800025a   0x00000006   Code   RO          830    .ARM.Collect$$_printf_percent$$00000010  c_w.l(_printf_llo.o)
    0x08000260   0x08000260   0x00000006   Code   RO          831    .ARM.Collect$$_printf_percent$$00000011  c_w.l(_printf_llx.o)
    0x08000266   0x08000266   0x0000000a   Code   RO          827    .ARM.Collect$$_printf_percent$$00000012  c_w.l(_printf_l.o)
    0x08000270   0x08000270   0x00000006   Code   RO          810    .ARM.Collect$$_printf_percent$$00000013  c_w.l(_printf_c.o)
    0x08000276   0x08000276   0x00000006   Code   RO          811    .ARM.Collect$$_printf_percent$$00000014  c_w.l(_printf_s.o)
    0x0800027c   0x0800027c   0x00000006   Code   RO          828    .ARM.Collect$$_printf_percent$$00000015  c_w.l(_printf_lc.o)
    0x08000282   0x08000282   0x00000006   Code   RO          829    .ARM.Collect$$_printf_percent$$00000016  c_w.l(_printf_ls.o)
    0x08000288   0x08000288   0x00000004   Code   RO          822    .ARM.Collect$$_printf_percent$$00000017  c_w.l(_printf_percent_end.o)
    0x0800028c   0x0800028c   0x00000002   Code   RO          922    .ARM.Collect$$libinit$$00000000  c_w.l(libinit.o)
    0x0800028e   0x0800028e   0x00000004   Code   RO          937    .ARM.Collect$$libinit$$00000001  c_w.l(libinit2.o)
    0x08000292   0x08000292   0x00000000   Code   RO          940    .ARM.Collect$$libinit$$00000004  c_w.l(libinit2.o)
    0x08000292   0x08000292   0x00000000   Code   RO          943    .ARM.Collect$$libinit$$0000000A  c_w.l(libinit2.o)
    0x08000292   0x08000292   0x00000000   Code   RO          945    .ARM.Collect$$libinit$$0000000C  c_w.l(libinit2.o)
    0x08000292   0x08000292   0x00000000   Code   RO          947    .ARM.Collect$$libinit$$0000000E  c_w.l(libinit2.o)
    0x08000292   0x08000292   0x00000006   Code   RO          948    .ARM.Collect$$libinit$$0000000F  c_w.l(libinit2.o)
    0x08000298   0x08000298   0x00000000   Code   RO          950    .ARM.Collect$$libinit$$00000011  c_w.l(libinit2.o)
    0x08000298   0x08000298   0x0000000c   Code   RO          951    .ARM.Collect$$libinit$$00000012  c_w.l(libinit2.o)
    0x080002a4   0x080002a4   0x00000000   Code   RO          952    .ARM.Collect$$libinit$$00000013  c_w.l(libinit2.o)
    0x080002a4   0x080002a4   0x00000000   Code   RO          954    .ARM.Collect$$libinit$$00000015  c_w.l(libinit2.o)
    0x080002a4   0x080002a4   0x0000000a   Code   RO          955    .ARM.Collect$$libinit$$00000016  c_w.l(libinit2.o)
    0x080002ae   0x080002ae   0x00000000   Code   RO          956    .ARM.Collect$$libinit$$00000017  c_w.l(libinit2.o)
    0x080002ae   0x080002ae   0x00000000   Code   RO          958    .ARM.Collect$$libinit$$00000019  c_w.l(libinit2.o)
    0x080002ae   0x080002ae   0x00000000   Code   RO          960    .ARM.Collect$$libinit$$0000001B  c_w.l(libinit2.o)
    0x080002ae   0x080002ae   0x00000000   Code   RO          962    .ARM.Collect$$libinit$$0000001D  c_w.l(libinit2.o)
    0x080002ae   0x080002ae   0x00000000   Code   RO          964    .ARM.Collect$$libinit$$0000001F  c_w.l(libinit2.o)
    0x080002ae   0x080002ae   0x00000000   Code   RO          966    .ARM.Collect$$libinit$$00000021  c_w.l(libinit2.o)
    0x080002ae   0x080002ae   0x00000000   Code   RO          968    .ARM.Collect$$libinit$$00000023  c_w.l(libinit2.o)
    0x080002ae   0x080002ae   0x00000000   Code   RO          970    .ARM.Collect$$libinit$$00000025  c_w.l(libinit2.o)
    0x080002ae   0x080002ae   0x00000000   Code   RO          974    .ARM.Collect$$libinit$$0000002C  c_w.l(libinit2.o)
    0x080002ae   0x080002ae   0x00000000   Code   RO          976    .ARM.Collect$$libinit$$0000002E  c_w.l(libinit2.o)
    0x080002ae   0x080002ae   0x00000000   Code   RO          978    .ARM.Collect$$libinit$$00000030  c_w.l(libinit2.o)
    0x080002ae   0x080002ae   0x00000000   Code   RO          980    .ARM.Collect$$libinit$$00000032  c_w.l(libinit2.o)
    0x080002ae   0x080002ae   0x00000002   Code   RO          981    .ARM.Collect$$libinit$$00000033  c_w.l(libinit2.o)
    0x080002b0   0x080002b0   0x00000002   Code   RO          999    .ARM.Collect$$libshutdown$$00000000  c_w.l(libshutdown.o)
    0x080002b2   0x080002b2   0x00000000   Code   RO         1009    .ARM.Collect$$libshutdown$$00000002  c_w.l(libshutdown2.o)
    0x080002b2   0x080002b2   0x00000000   Code   RO         1011    .ARM.Collect$$libshutdown$$00000004  c_w.l(libshutdown2.o)
    0x080002b2   0x080002b2   0x00000000   Code   RO         1014    .ARM.Collect$$libshutdown$$00000007  c_w.l(libshutdown2.o)
    0x080002b2   0x080002b2   0x00000000   Code   RO         1017    .ARM.Collect$$libshutdown$$0000000A  c_w.l(libshutdown2.o)
    0x080002b2   0x080002b2   0x00000000   Code   RO         1019    .ARM.Collect$$libshutdown$$0000000C  c_w.l(libshutdown2.o)
    0x080002b2   0x080002b2   0x00000000   Code   RO         1022    .ARM.Collect$$libshutdown$$0000000F  c_w.l(libshutdown2.o)
    0x080002b2   0x080002b2   0x00000002   Code   RO         1023    .ARM.Collect$$libshutdown$$00000010  c_w.l(libshutdown2.o)
    0x080002b4   0x080002b4   0x00000000   Code   RO          778    .ARM.Collect$$rtentry$$00000000  c_w.l(__rtentry.o)
    0x080002b4   0x080002b4   0x00000000   Code   RO          846    .ARM.Collect$$rtentry$$00000002  c_w.l(__rtentry2.o)
    0x080002b4   0x080002b4   0x00000006   Code   RO          858    .ARM.Collect$$rtentry$$00000004  c_w.l(__rtentry4.o)
    0x080002ba   0x080002ba   0x00000000   Code   RO          848    .ARM.Collect$$rtentry$$00000009  c_w.l(__rtentry2.o)
    0x080002ba   0x080002ba   0x00000004   Code   RO          849    .ARM.Collect$$rtentry$$0000000A  c_w.l(__rtentry2.o)
    0x080002be   0x080002be   0x00000000   Code   RO          851    .ARM.Collect$$rtentry$$0000000C  c_w.l(__rtentry2.o)
    0x080002be   0x080002be   0x00000008   Code   RO          852    .ARM.Collect$$rtentry$$0000000D  c_w.l(__rtentry2.o)
    0x080002c6   0x080002c6   0x00000002   Code   RO          930    .ARM.Collect$$rtexit$$00000000  c_w.l(rtexit.o)
    0x080002c8   0x080002c8   0x00000000   Code   RO          983    .ARM.Collect$$rtexit$$00000002  c_w.l(rtexit2.o)
    0x080002c8   0x080002c8   0x00000004   Code   RO          984    .ARM.Collect$$rtexit$$00000003  c_w.l(rtexit2.o)
    0x080002cc   0x080002cc   0x00000006   Code   RO          985    .ARM.Collect$$rtexit$$00000004  c_w.l(rtexit2.o)
    0x080002d2   0x080002d2   0x00000002   PAD
    0x080002d4   0x080002d4   0x00001d24   Code   RO            3    .text               main.o
    0x08001ff8   0x08001ff8   0x00000274   Code   RO          173    .text               stm32f4xx_it.o
    0x0800226c   0x0800226c   0x00000210   Code   RO          232    .text               system_stm32f4xx.o
    0x0800247c   0x0800247c   0x00000500   Code   RO          258    .text               fdc2214.o
    0x0800297c   0x0800297c   0x00000504   Code   RO          299    .text               fdc22142.o
    0x08002e80   0x08002e80   0x00004dc4   Code   RO          322    .text               lcd.o
    0x08007c44   0x08007c44   0x00002dfc   Code   RO          360    .text               exti.o
    0x0800aa40   0x0800aa40   0x00000320   Code   RO          391    .text               silencht_usart.o
    0x0800ad60   0x0800ad60   0x00000238   Code   RO          425    .text               beep.o
    0x0800af98   0x0800af98   0x00000104   Code   RO          445    .text               delay.o
    0x0800b09c   0x0800b09c   0x00000040   Code   RO          486    .text               startup_stm32f40_41xxx.o
    0x0800b0dc   0x0800b0dc   0x000000e0   Code   RO          492    .text               misc.o
    0x0800b1bc   0x0800b1bc   0x00000294   Code   RO          512    .text               stm32f4xx_gpio.o
    0x0800b450   0x0800b450   0x000005c8   Code   RO          532    .text               stm32f4xx_fsmc.o
    0x0800ba18   0x0800ba18   0x0000065c   Code   RO          555    .text               stm32f4xx_rcc.o
    0x0800c074   0x0800c074   0x00000094   Code   RO          577    .text               stm32f4xx_syscfg.o
    0x0800c108   0x0800c108   0x00000454   Code   RO          597    .text               stm32f4xx_usart.o
    0x0800c55c   0x0800c55c   0x00000110   Code   RO          637    .text               stm32f4xx_exti.o
    0x0800c66c   0x0800c66c   0x00000002   Code   RO          697    .text               c_w.l(use_no_semi_2.o)
    0x0800c66e   0x0800c66e   0x00000002   PAD
    0x0800c670   0x0800c670   0x00000034   Code   RO          699    .text               c_w.l(c89vsnprintf.o)
    0x0800c6a4   0x0800c6a4   0x00000018   Code   RO          701    .text               c_w.l(__2printf.o)
    0x0800c6bc   0x0800c6bc   0x00000094   Code   RO          725    .text               c_w.l(_printf_hex_int_ll_ptr.o)
    0x0800c750   0x0800c750   0x00000188   Code   RO          745    .text               c_w.l(__printf_flags_ss_wp.o)
    0x0800c8d8   0x0800c8d8   0x0000008a   Code   RO          750    .text               c_w.l(rt_memcpy_v6.o)
    0x0800c962   0x0800c962   0x00000044   Code   RO          752    .text               c_w.l(rt_memclr.o)
    0x0800c9a6   0x0800c9a6   0x00000006   Code   RO          754    .text               c_w.l(heapauxi.o)
    0x0800c9ac   0x0800c9ac   0x00000002   Code   RO          776    .text               c_w.l(use_no_semi.o)
    0x0800c9ae   0x0800c9ae   0x0000004e   Code   RO          779    .text               c_w.l(_printf_pad.o)
    0x0800c9fc   0x0800c9fc   0x00000024   Code   RO          781    .text               c_w.l(_printf_truncate.o)
    0x0800ca20   0x0800ca20   0x00000052   Code   RO          783    .text               c_w.l(_printf_str.o)
    0x0800ca72   0x0800ca72   0x000000b2   Code   RO          785    .text               c_w.l(_printf_intcommon.o)
    0x0800cb24   0x0800cb24   0x00000078   Code   RO          787    .text               c_w.l(_printf_dec.o)
    0x0800cb9c   0x0800cb9c   0x00000028   Code   RO          789    .text               c_w.l(_printf_charcount.o)
    0x0800cbc4   0x0800cbc4   0x00000030   Code   RO          791    .text               c_w.l(_printf_char_common.o)
    0x0800cbf4   0x0800cbf4   0x0000000a   Code   RO          793    .text               c_w.l(_sputc.o)
    0x0800cbfe   0x0800cbfe   0x00000010   Code   RO          795    .text               c_w.l(_snputc.o)
    0x0800cc0e   0x0800cc0e   0x00000002   PAD
    0x0800cc10   0x0800cc10   0x00000024   Code   RO          797    .text               c_w.l(_printf_char_file.o)
    0x0800cc34   0x0800cc34   0x000000bc   Code   RO          799    .text               c_w.l(_printf_wctomb.o)
    0x0800ccf0   0x0800ccf0   0x0000007c   Code   RO          802    .text               c_w.l(_printf_longlong_dec.o)
    0x0800cd6c   0x0800cd6c   0x00000070   Code   RO          808    .text               c_w.l(_printf_oct_int_ll.o)
    0x0800cddc   0x0800cddc   0x00000064   Code   RO          832    .text               c_w.l(rt_memcpy_w.o)
    0x0800ce40   0x0800ce40   0x0000004e   Code   RO          834    .text               c_w.l(rt_memclr_w.o)
    0x0800ce8e   0x0800ce8e   0x0000008a   Code   RO          860    .text               c_w.l(lludiv10.o)
    0x0800cf18   0x0800cf18   0x0000041e   Code   RO          862    .text               c_w.l(_printf_fp_dec.o)
    0x0800d336   0x0800d336   0x0000002c   Code   RO          866    .text               c_w.l(_printf_char.o)
    0x0800d362   0x0800d362   0x0000002c   Code   RO          868    .text               c_w.l(_printf_wchar.o)
    0x0800d38e   0x0800d38e   0x00000008   Code   RO          870    .text               c_w.l(ferror.o)
    0x0800d396   0x0800d396   0x00000040   Code   RO          874    .text               c_w.l(_wcrtomb.o)
    0x0800d3d6   0x0800d3d6   0x0000004a   Code   RO          876    .text               c_w.l(sys_stackheap_outer.o)
    0x0800d420   0x0800d420   0x00000010   Code   RO          878    .text               c_w.l(rt_ctype_table.o)
    0x0800d430   0x0800d430   0x00000008   Code   RO          883    .text               c_w.l(rt_locale_intlibspace.o)
    0x0800d438   0x0800d438   0x00000080   Code   RO          885    .text               c_w.l(_printf_fp_infnan.o)
    0x0800d4b8   0x0800d4b8   0x000000e4   Code   RO          887    .text               c_w.l(bigflt0.o)
    0x0800d59c   0x0800d59c   0x00000012   Code   RO          915    .text               c_w.l(exit.o)
    0x0800d5ae   0x0800d5ae   0x00000002   PAD
    0x0800d5b0   0x0800d5b0   0x00000008   Code   RO          927    .text               c_w.l(libspace.o)
    0x0800d5b8   0x0800d5b8   0x00000080   Code   RO          935    .text               c_w.l(strcmpv7m.o)
    0x0800d638   0x0800d638   0x0000003e   Code   RO          890    CL$$btod_d2e        c_w.l(btod.o)
    0x0800d676   0x0800d676   0x00000046   Code   RO          892    CL$$btod_d2e_denorm_low  c_w.l(btod.o)
    0x0800d6bc   0x0800d6bc   0x00000060   Code   RO          891    CL$$btod_d2e_norm_op1  c_w.l(btod.o)
    0x0800d71c   0x0800d71c   0x00000338   Code   RO          900    CL$$btod_div_common  c_w.l(btod.o)
    0x0800da54   0x0800da54   0x000000dc   Code   RO          897    CL$$btod_e2e        c_w.l(btod.o)
    0x0800db30   0x0800db30   0x0000002a   Code   RO          894    CL$$btod_ediv       c_w.l(btod.o)
    0x0800db5a   0x0800db5a   0x0000002a   Code   RO          893    CL$$btod_emul       c_w.l(btod.o)
    0x0800db84   0x0800db84   0x00000244   Code   RO          899    CL$$btod_mult_common  c_w.l(btod.o)
    0x0800ddc8   0x0800ddc8   0x00000030   Code   RO          925    i.__ARM_fpclassify  m_wm.l(fpclassify.o)
    0x0800ddf8   0x0800ddf8   0x0000000e   Code   RO          738    i._is_digit         c_w.l(__printf_wp.o)
    0x0800de06   0x0800de06   0x00000002   PAD
    0x0800de08   0x0800de08   0x0000002c   Code   RO          913    locale$$code        c_w.l(lc_numeric_c.o)
    0x0800de34   0x0800de34   0x0000002c   Code   RO          933    locale$$code        c_w.l(lc_ctype_c.o)
    0x0800de60   0x0800de60   0x00000062   Code   RO          758    x$fpl$d2f           fz_wm.l(d2f.o)
    0x0800dec2   0x0800dec2   0x00000002   PAD
    0x0800dec4   0x0800dec4   0x000002b0   Code   RO          761    x$fpl$ddiv          fz_wm.l(ddiv.o)
    0x0800e174   0x0800e174   0x0000005a   Code   RO          764    x$fpl$dfixu         fz_wm.l(dfixu.o)
    0x0800e1ce   0x0800e1ce   0x00000026   Code   RO          768    x$fpl$dfltu         fz_wm.l(dflt_clz.o)
    0x0800e1f4   0x0800e1f4   0x00000154   Code   RO          774    x$fpl$dmul          fz_wm.l(dmul.o)
    0x0800e348   0x0800e348   0x0000009c   Code   RO          836    x$fpl$dnaninf       fz_wm.l(dnaninf.o)
    0x0800e3e4   0x0800e3e4   0x0000000c   Code   RO          838    x$fpl$dretinf       fz_wm.l(dretinf.o)
    0x0800e3f0   0x0800e3f0   0x0000000a   Code   RO          991    x$fpl$fpinit        fz_wm.l(fpinit.o)
    0x0800e3fa   0x0800e3fa   0x0000000a   Code   RO          840    x$fpl$fretinf       fz_wm.l(fretinf.o)
    0x0800e404   0x0800e404   0x00000004   Code   RO          842    x$fpl$printf1       fz_wm.l(printf1.o)
    0x0800e408   0x0800e408   0x00000000   Code   RO          844    x$fpl$usenofp       fz_wm.l(usenofp.o)
    0x0800e408   0x0800e408   0x000017c0   Data   RO          324    .constdata          lcd.o
    0x0800fbc8   0x0800fbc8   0x0000001c   Data   RO          533    .constdata          stm32f4xx_fsmc.o
    0x0800fbe4   0x0800fbe4   0x00000028   Data   RO          726    .constdata          c_w.l(_printf_hex_int_ll_ptr.o)
    0x0800fc0c   0x0800fc0c   0x00000011   Data   RO          746    .constdata          c_w.l(__printf_flags_ss_wp.o)
    0x0800fc1d   0x0800fc1d   0x00000003   PAD
    0x0800fc20   0x0800fc20   0x00000008   Data   RO          800    .constdata          c_w.l(_printf_wctomb.o)
    0x0800fc28   0x0800fc28   0x00000094   Data   RO          888    .constdata          c_w.l(bigflt0.o)
    0x0800fcbc   0x0800fcbc   0x00000020   Data   RO         1055    Region$$Table       anon$$obj.o
    0x0800fcdc   0x0800fcdc   0x0000001c   Data   RO          912    locale$$data        c_w.l(lc_numeric_c.o)
    0x0800fcf8   0x0800fcf8   0x00000110   Data   RO          932    locale$$data        c_w.l(lc_ctype_c.o)


    Execution Region RW_IRAM2 (Exec base: 0x10000000, Load base: 0x0800fe88, Size: 0x00000000, Max: 0x00010000, ABSOLUTE)

    **** No section assigned to this execution region ****


    Execution Region RW_IRAM1 (Exec base: 0x20000000, Load base: 0x0800fe08, Size: 0x00000cb8, Max: 0x00020000, ABSOLUTE)

    Exec Addr    Load Addr    Size         Type   Attr      Idx    E Section Name        Object

    0x20000000   0x0800fe08   0x0000000d   Data   RW            6    .data               main.o
    0x2000000d   0x0800fe15   0x00000003   PAD
    0x20000010   0x0800fe18   0x00000014   Data   RW          233    .data               system_stm32f4xx.o
    0x20000024   0x0800fe2c   0x00000004   Data   RW          259    .data               fdc2214.o
    0x20000028   0x0800fe30   0x00000004   Data   RW          300    .data               fdc22142.o
    0x2000002c   0x0800fe34   0x00000004   Data   RW          325    .data               lcd.o
    0x20000030   0x0800fe38   0x00000029   Data   RW          362    .data               exti.o
    0x20000059   0x0800fe61   0x00000003   PAD
    0x2000005c   0x0800fe64   0x0000000e   Data   RW          393    .data               silencht_usart.o
    0x2000006a   0x0800fe72   0x00000004   Data   RW          446    .data               delay.o
    0x2000006e   0x0800fe76   0x00000010   Data   RW          556    .data               stm32f4xx_rcc.o
    0x2000007e   0x0800fe86   0x00000002   PAD
    0x20000080        -       0x00000040   Zero   RW            4    .bss                main.o
    0x200000c0        -       0x0000000e   Zero   RW          323    .bss                lcd.o
    0x200000ce   0x0800fe86   0x00000002   PAD
    0x200000d0        -       0x000001a0   Zero   RW          361    .bss                exti.o
    0x20000270        -       0x000003e8   Zero   RW          392    .bss                silencht_usart.o
    0x20000658        -       0x00000060   Zero   RW          928    .bss                c_w.l(libspace.o)
    0x200006b8        -       0x00000200   Zero   RW          484    HEAP                startup_stm32f40_41xxx.o
    0x200008b8        -       0x00000400   Zero   RW          483    STACK               startup_stm32f40_41xxx.o


==============================================================================

Image component sizes


      Code (inc. data)   RO Data    RW Data    ZI Data      Debug   Object Name

       568          8          0          0          0       2576   beep.o
       260          8          0          4          0       1489   delay.o
     11772        792          0         41        416       9352   exti.o
      1280         50          0          4          0       4122   fdc2214.o
      1284         50          0          4          0       4162   fdc22142.o
     19908        234       6080          4         14      23125   lcd.o
      7460        800          0         13         64     277240   main.o
       224         20          0          0          0       1825   misc.o
       800         22          0         14       1000       5895   silencht_usart.o
        64         26        392          0       1536        840   startup_stm32f40_41xxx.o
       272         10          0          0          0       2295   stm32f4xx_exti.o
      1480         18         28          0          0       5658   stm32f4xx_fsmc.o
       660         44          0          0          0       4169   stm32f4xx_gpio.o
       628         52          0          0          0     229651   stm32f4xx_it.o
      1628         52          0         16          0      13044   stm32f4xx_rcc.o
       148         12          0          0          0       1849   stm32f4xx_syscfg.o
      1108         34          0          0          0       7892   stm32f4xx_usart.o
       528         46          0         20          0       1791   system_stm32f4xx.o

    ----------------------------------------------------------------------
     50072       2278       6532        128       3032     596975   Object Totals
         0          0         32          0          0          0   (incl. Generated)
         0          0          0          8          2          0   (incl. Padding)

    ----------------------------------------------------------------------

      Code (inc. data)   RO Data    RW Data    ZI Data      Debug   Library Member Name

        24          4          0          0          0         84   __2printf.o
         8          0          0          0          0         68   __main.o
       392          4         17          0          0         92   __printf_flags_ss_wp.o
        14          0          0          0          0         68   __printf_wp.o
         0          0          0          0          0          0   __rtentry.o
        12          0          0          0          0          0   __rtentry2.o
         6          0          0          0          0          0   __rtentry4.o
        52          8          0          0          0          0   __scatter.o
        26          0          0          0          0          0   __scatter_copy.o
        28          0          0          0          0          0   __scatter_zi.o
         6          0          0          0          0          0   _printf_a.o
         6          0          0          0          0          0   _printf_c.o
        44          0          0          0          0        108   _printf_char.o
        48          6          0          0          0         96   _printf_char_common.o
        36          4          0          0          0         80   _printf_char_file.o
        40          0          0          0          0         68   _printf_charcount.o
         6          0          0          0          0          0   _printf_d.o
       120         16          0          0          0         92   _printf_dec.o
         6          0          0          0          0          0   _printf_e.o
         6          0          0          0          0          0   _printf_f.o
      1054          0          0          0          0        216   _printf_fp_dec.o
       128         16          0          0          0         84   _printf_fp_infnan.o
         6          0          0          0          0          0   _printf_g.o
       148          4         40          0          0        160   _printf_hex_int_ll_ptr.o
         6          0          0          0          0          0   _printf_i.o
       178          0          0          0          0         88   _printf_intcommon.o
        10          0          0          0          0          0   _printf_l.o
         6          0          0          0          0          0   _printf_lc.o
        10          0          0          0          0          0   _printf_ll.o
         6          0          0          0          0          0   _printf_lld.o
         6          0          0          0          0          0   _printf_lli.o
         6          0          0          0          0          0   _printf_llo.o
         6          0          0          0          0          0   _printf_llu.o
         6          0          0          0          0          0   _printf_llx.o
       124         16          0          0          0         92   _printf_longlong_dec.o
         6          0          0          0          0          0   _printf_ls.o
         6          0          0          0          0          0   _printf_n.o
         6          0          0          0          0          0   _printf_o.o
       112         10          0          0          0        124   _printf_oct_int_ll.o
         6          0          0          0          0          0   _printf_p.o
        78          0          0          0          0        108   _printf_pad.o
         0          0          0          0          0          0   _printf_percent.o
         4          0          0          0          0          0   _printf_percent_end.o
         6          0          0          0          0          0   _printf_s.o
        82          0          0          0          0         80   _printf_str.o
        36          0          0          0          0         84   _printf_truncate.o
         6          0          0          0          0          0   _printf_u.o
        44          0          0          0          0        108   _printf_wchar.o
       188          6          8          0          0         92   _printf_wctomb.o
         6          0          0          0          0          0   _printf_x.o
        16          0          0          0          0         68   _snputc.o
        10          0          0          0          0         68   _sputc.o
        64          0          0          0          0         92   _wcrtomb.o
       228          4        148          0          0         96   bigflt0.o
      1936        128          0          0          0        672   btod.o
        52          4          0          0          0         80   c89vsnprintf.o
        18          0          0          0          0         80   exit.o
         8          0          0          0          0         68   ferror.o
         6          0          0          0          0        152   heapauxi.o
        44         10        272          0          0         76   lc_ctype_c.o
        44         10         28          0          0         76   lc_numeric_c.o
         2          0          0          0          0          0   libinit.o
        34          0          0          0          0          0   libinit2.o
         2          0          0          0          0          0   libshutdown.o
         2          0          0          0          0          0   libshutdown2.o
         8          4          0          0         96         68   libspace.o
       138          0          0          0          0         80   lludiv10.o
        16          4          0          0          0         76   rt_ctype_table.o
         8          4          0          0          0         68   rt_locale_intlibspace.o
        68          0          0          0          0         68   rt_memclr.o
        78          0          0          0          0         80   rt_memclr_w.o
       138          0          0          0          0         68   rt_memcpy_v6.o
       100          0          0          0          0         80   rt_memcpy_w.o
         2          0          0          0          0          0   rtexit.o
        10          0          0          0          0          0   rtexit2.o
       128          0          0          0          0         68   strcmpv7m.o
        74          0          0          0          0         80   sys_stackheap_outer.o
         2          0          0          0          0         68   use_no_semi.o
         2          0          0          0          0         68   use_no_semi_2.o
        98          4          0          0          0        140   d2f.o
       688        140          0          0          0        256   ddiv.o
        90          4          0          0          0        140   dfixu.o
        38          0          0          0          0        116   dflt_clz.o
       340         12          0          0          0        152   dmul.o
       156          4          0          0          0        140   dnaninf.o
        12          0          0          0          0        116   dretinf.o
        10          0          0          0          0        116   fpinit.o
        10          0          0          0          0        116   fretinf.o
         4          0          0          0          0        116   printf1.o
         0          0          0          0          0          0   usenofp.o
        48          0          0          0          0        124   fpclassify.o

    ----------------------------------------------------------------------
      7912        426        516          0         96       5924   Library Totals
        14          0          3          0          0          0   (incl. Padding)

    ----------------------------------------------------------------------

      Code (inc. data)   RO Data    RW Data    ZI Data      Debug   Library Name

      6404        262        513          0         96       4392   c_w.l
      1446        164          0          0          0       1408   fz_wm.l
        48          0          0          0          0        124   m_wm.l

    ----------------------------------------------------------------------
      7912        426        516          0         96       5924   Library Totals

    ----------------------------------------------------------------------

==============================================================================


      Code (inc. data)   RO Data    RW Data    ZI Data      Debug   

     57984       2704       7048        128       3128     595755   Grand Totals
     57984       2704       7048        128       3128     595755   ELF Image Totals
     57984       2704       7048        128          0          0   ROM Totals

==============================================================================

    Total RO  Size (Code + RO Data)                65032 (  63.51kB)
    Total RW  Size (RW Data + ZI Data)              3256 (   3.18kB)
    Total ROM Size (Code + RO Data + RW Data)      65160 (  63.63kB)

==============================================================================

